Archive member included to satisfy reference by file (symbol)

c:/st/stm32cubeide_1.6.0/stm32cubeide/plugins/com.st.stm32cube.ide.mcu.externaltools.gnu-tools-for-stm32.9-2020-q2-update.win32_1.5.0.202011040924/tools/bin/../lib/gcc/arm-none-eabi/9.3.1/../../../../arm-none-eabi/lib/thumb/v7e-m+fp/hard\libc_nano.a(lib_a-errno.o)
                              Core/Src/syscalls.o (__errno)
c:/st/stm32cubeide_1.6.0/stm32cubeide/plugins/com.st.stm32cube.ide.mcu.externaltools.gnu-tools-for-stm32.9-2020-q2-update.win32_1.5.0.202011040924/tools/bin/../lib/gcc/arm-none-eabi/9.3.1/../../../../arm-none-eabi/lib/thumb/v7e-m+fp/hard\libc_nano.a(lib_a-exit.o)
                              c:/st/stm32cubeide_1.6.0/stm32cubeide/plugins/com.st.stm32cube.ide.mcu.externaltools.gnu-tools-for-stm32.9-2020-q2-update.win32_1.5.0.202011040924/tools/bin/../lib/gcc/arm-none-eabi/9.3.1/../../../../arm-none-eabi/lib/thumb/v7e-m+fp/hard/crt0.o (exit)
c:/st/stm32cubeide_1.6.0/stm32cubeide/plugins/com.st.stm32cube.ide.mcu.externaltools.gnu-tools-for-stm32.9-2020-q2-update.win32_1.5.0.202011040924/tools/bin/../lib/gcc/arm-none-eabi/9.3.1/../../../../arm-none-eabi/lib/thumb/v7e-m+fp/hard\libc_nano.a(lib_a-impure.o)
                              c:/st/stm32cubeide_1.6.0/stm32cubeide/plugins/com.st.stm32cube.ide.mcu.externaltools.gnu-tools-for-stm32.9-2020-q2-update.win32_1.5.0.202011040924/tools/bin/../lib/gcc/arm-none-eabi/9.3.1/../../../../arm-none-eabi/lib/thumb/v7e-m+fp/hard\libc_nano.a(lib_a-exit.o) (_global_impure_ptr)
c:/st/stm32cubeide_1.6.0/stm32cubeide/plugins/com.st.stm32cube.ide.mcu.externaltools.gnu-tools-for-stm32.9-2020-q2-update.win32_1.5.0.202011040924/tools/bin/../lib/gcc/arm-none-eabi/9.3.1/../../../../arm-none-eabi/lib/thumb/v7e-m+fp/hard\libc_nano.a(lib_a-init.o)
                              c:/st/stm32cubeide_1.6.0/stm32cubeide/plugins/com.st.stm32cube.ide.mcu.externaltools.gnu-tools-for-stm32.9-2020-q2-update.win32_1.5.0.202011040924/tools/bin/../lib/gcc/arm-none-eabi/9.3.1/../../../../arm-none-eabi/lib/thumb/v7e-m+fp/hard/crt0.o (__libc_init_array)
c:/st/stm32cubeide_1.6.0/stm32cubeide/plugins/com.st.stm32cube.ide.mcu.externaltools.gnu-tools-for-stm32.9-2020-q2-update.win32_1.5.0.202011040924/tools/bin/../lib/gcc/arm-none-eabi/9.3.1/../../../../arm-none-eabi/lib/thumb/v7e-m+fp/hard\libc_nano.a(lib_a-memset.o)
                              c:/st/stm32cubeide_1.6.0/stm32cubeide/plugins/com.st.stm32cube.ide.mcu.externaltools.gnu-tools-for-stm32.9-2020-q2-update.win32_1.5.0.202011040924/tools/bin/../lib/gcc/arm-none-eabi/9.3.1/../../../../arm-none-eabi/lib/thumb/v7e-m+fp/hard/crt0.o (memset)
c:/st/stm32cubeide_1.6.0/stm32cubeide/plugins/com.st.stm32cube.ide.mcu.externaltools.gnu-tools-for-stm32.9-2020-q2-update.win32_1.5.0.202011040924/tools/bin/../lib/gcc/arm-none-eabi/9.3.1/../../../../arm-none-eabi/lib/thumb/v7e-m+fp/hard\libm.a(lib_a-w_atan2.o)
                              Core/Src/angle.o (atan2)
c:/st/stm32cubeide_1.6.0/stm32cubeide/plugins/com.st.stm32cube.ide.mcu.externaltools.gnu-tools-for-stm32.9-2020-q2-update.win32_1.5.0.202011040924/tools/bin/../lib/gcc/arm-none-eabi/9.3.1/../../../../arm-none-eabi/lib/thumb/v7e-m+fp/hard\libm.a(lib_a-w_sqrt.o)
                              Core/Src/angle.o (sqrt)
c:/st/stm32cubeide_1.6.0/stm32cubeide/plugins/com.st.stm32cube.ide.mcu.externaltools.gnu-tools-for-stm32.9-2020-q2-update.win32_1.5.0.202011040924/tools/bin/../lib/gcc/arm-none-eabi/9.3.1/../../../../arm-none-eabi/lib/thumb/v7e-m+fp/hard\libm.a(lib_a-e_atan2.o)
                              c:/st/stm32cubeide_1.6.0/stm32cubeide/plugins/com.st.stm32cube.ide.mcu.externaltools.gnu-tools-for-stm32.9-2020-q2-update.win32_1.5.0.202011040924/tools/bin/../lib/gcc/arm-none-eabi/9.3.1/../../../../arm-none-eabi/lib/thumb/v7e-m+fp/hard\libm.a(lib_a-w_atan2.o) (__ieee754_atan2)
c:/st/stm32cubeide_1.6.0/stm32cubeide/plugins/com.st.stm32cube.ide.mcu.externaltools.gnu-tools-for-stm32.9-2020-q2-update.win32_1.5.0.202011040924/tools/bin/../lib/gcc/arm-none-eabi/9.3.1/../../../../arm-none-eabi/lib/thumb/v7e-m+fp/hard\libm.a(lib_a-e_sqrt.o)
                              c:/st/stm32cubeide_1.6.0/stm32cubeide/plugins/com.st.stm32cube.ide.mcu.externaltools.gnu-tools-for-stm32.9-2020-q2-update.win32_1.5.0.202011040924/tools/bin/../lib/gcc/arm-none-eabi/9.3.1/../../../../arm-none-eabi/lib/thumb/v7e-m+fp/hard\libm.a(lib_a-w_sqrt.o) (__ieee754_sqrt)
c:/st/stm32cubeide_1.6.0/stm32cubeide/plugins/com.st.stm32cube.ide.mcu.externaltools.gnu-tools-for-stm32.9-2020-q2-update.win32_1.5.0.202011040924/tools/bin/../lib/gcc/arm-none-eabi/9.3.1/../../../../arm-none-eabi/lib/thumb/v7e-m+fp/hard\libm.a(lib_a-s_atan.o)
                              c:/st/stm32cubeide_1.6.0/stm32cubeide/plugins/com.st.stm32cube.ide.mcu.externaltools.gnu-tools-for-stm32.9-2020-q2-update.win32_1.5.0.202011040924/tools/bin/../lib/gcc/arm-none-eabi/9.3.1/../../../../arm-none-eabi/lib/thumb/v7e-m+fp/hard\libm.a(lib_a-e_atan2.o) (atan)
[...]
Memory Configuration

Name             Origin             Length             Attributes
RAM              0x0000000020000000 0x0000000000018000 xrw
FLASH            0x0000000008000000 0x0000000000080000 xr
*default*        0x0000000000000000 0xffffffffffffffff

Linker script and memory map

LOAD c:/st/stm32cubeide_1.6.0/stm32cubeide/plugins/com.st.stm32cube.ide.mcu.externaltools.gnu-tools-for-stm32.9-2020-q2-update.win32_1.5.0.202011040924/tools/bin/../lib/gcc/arm-none-eabi/9.3.1/thumb/v7e-m+fp/hard/crti.o
LOAD c:/st/stm32cubeide_1.6.0/stm32cubeide/plugins/com.st.stm32cube.ide.mcu.externaltools.gnu-tools-for-stm32.9-2020-q2-update.win32_1.5.0.202011040924/tools/bin/../lib/gcc/arm-none-eabi/9.3.1/thumb/v7e-m+fp/hard/crtbegin.o
LOAD c:/st/stm32cubeide_1.6.0/stm32cubeide/plugins/com.st.stm32cube.ide.mcu.externaltools.gnu-tools-for-stm32.9-2020-q2-update.win32_1.5.0.202011040924/tools/bin/../lib/gcc/arm-none-eabi/9.3.1/../../../../arm-none-eabi/lib/thumb/v7e-m+fp/hard/crt0.o
LOAD Core/Src/PID.o
LOAD Core/Src/accel.o
LOAD Core/Src/adc.o
LOAD Core/Src/angle.o
LOAD Core/Src/control_loop.o
LOAD Core/Src/dma.o
LOAD Core/Src/gpio.o
LOAD Core/Src/gyro.o
LOAD Core/Src/i2c.o
LOAD Core/Src/joystick.o
LOAD Core/Src/main.o
LOAD Core/Src/motor_driver.o
LOAD Core/Src/mpu6050.o
LOAD Core/Src/stm32f4xx_hal_msp.o
LOAD Core/Src/stm32f4xx_it.o
LOAD Core/Src/syscalls.o
LOAD Core/Src/sysmem.o
LOAD Core/Src/system_stm32f4xx.o
LOAD Core/Src/tim.o
LOAD Core/Startup/startup_stm32f401retx.o
LOAD Drivers/STM32F4xx_HAL_Driver/Src/stm32f4xx_hal.o
LOAD Drivers/STM32F4xx_HAL_Driver/Src/stm32f4xx_hal_adc.o
LOAD Drivers/STM32F4xx_HAL_Driver/Src/stm32f4xx_hal_adc_ex.o
LOAD Drivers/STM32F4xx_HAL_Driver/Src/stm32f4xx_hal_cortex.o
LOAD Drivers/STM32F4xx_HAL_Driver/Src/stm32f4xx_hal_dma.o
LOAD Drivers/STM32F4xx_HAL_Driver/Src/stm32f4xx_hal_dma_ex.o
LOAD Drivers/STM32F4xx_HAL_Driver/Src/stm32f4xx_hal_exti.o
LOAD Drivers/STM32F4xx_HAL_Driver/Src/stm32f4xx_hal_flash.o
LOAD Drivers/STM32F4xx_HAL_Driver/Src/stm32f4xx_hal_flash_ex.o
LOAD Drivers/STM32F4xx_HAL_Driver/Src/stm32f4xx_hal_flash_ramfunc.o
LOAD Drivers/STM32F4xx_HAL_Driver/Src/stm32f4xx_hal_gpio.o
LOAD Drivers/STM32F4xx_HAL_Driver/Src/stm32f4xx_hal_i2c.o
LOAD Drivers/STM32F4xx_HAL_Driver/Src/stm32f4xx_hal_i2c_ex.o
LOAD Drivers/STM32F4xx_HAL_Driver/Src/stm32f4xx_hal_pwr.o
LOAD Drivers/STM32F4xx_HAL_Driver/Src/stm32f4xx_hal_pwr_ex.o
LOAD Drivers/STM32F4xx_HAL_Driver/Src/stm32f4xx_hal_rcc.o
LOAD Drivers/STM32F4xx_HAL_Driver/Src/stm32f4xx_hal_rcc_ex.o
LOAD Drivers/STM32F4xx_HAL_Driver/Src/stm32f4xx_hal_tim.o
LOAD Drivers/STM32F4xx_HAL_Driver/Src/stm32f4xx_hal_tim_ex.o
LOAD Drivers/STM32F4xx_HAL_Driver/Src/stm32f4xx_ll_adc.o
START GROUP
LOAD c:/st/stm32cubeide_1.6.0/stm32cubeide/plugins/com.st.stm32cube.ide.mcu.externaltools.gnu-tools-for-stm32.9-2020-q2-update.win32_1.5.0.202011040924/tools/bin/../lib/gcc/arm-none-eabi/9.3.1/../../../../arm-none-eabi/lib/thumb/v7e-m+fp/hard\libc_nano.a
LOAD c:/st/stm32cubeide_1.6.0/stm32cubeide/plugins/com.st.stm32cube.ide.mcu.externaltools.gnu-tools-for-stm32.9-2020-q2-update.win32_1.5.0.202011040924/tools/bin/../lib/gcc/arm-none-eabi/9.3.1/../../../../arm-none-eabi/lib/thumb/v7e-m+fp/hard\libm.a
END GROUP
START GROUP
LOAD c:/st/stm32cubeide_1.6.0/stm32cubeide/plugins/com.st.stm32cube.ide.mcu.externaltools.gnu-tools-for-stm32.9-2020-q2-update.win32_1.5.0.202011040924/tools/bin/../lib/gcc/arm-none-eabi/9.3.1/thumb/v7e-m+fp/hard\libgcc.a
LOAD c:/st/stm32cubeide_1.6.0/stm32cubeide/plugins/com.st.stm32cube.ide.mcu.externaltools.gnu-tools-for-stm32.9-2020-q2-update.win32_1.5.0.202011040924/tools/bin/../lib/gcc/arm-none-eabi/9.3.1/../../../../arm-none-eabi/lib/thumb/v7e-m+fp/hard\libc_nano.a
END GROUP
START GROUP
LOAD c:/st/stm32cubeide_1.6.0/stm32cubeide/plugins/com.st.stm32cube.ide.mcu.externaltools.gnu-tools-for-stm32.9-2020-q2-update.win32_1.5.0.202011040924/tools/bin/../lib/gcc/arm-none-eabi/9.3.1/thumb/v7e-m+fp/hard\libgcc.a
LOAD c:/st/stm32cubeide_1.6.0/stm32cubeide/plugins/com.st.stm32cube.ide.mcu.externaltools.gnu-tools-for-stm32.9-2020-q2-update.win32_1.5.0.202011040924/tools/bin/../lib/gcc/arm-none-eabi/9.3.1/../../../../arm-none-eabi/lib/thumb/v7e-m+fp/hard\libc_nano.a
LOAD c:/st/stm32cubeide_1.6.0/stm32cubeide/plugins/com.st.stm32cube.ide.mcu.externaltools.gnu-tools-for-stm32.9-2020-q2-update.win32_1.5.0.202011040924/tools/bin/../lib/gcc/arm-none-eabi/9.3.1/../../../../arm-none-eabi/lib/thumb/v7e-m+fp/hard\libnosys.a
END GROUP
START GROUP
LOAD c:/st/stm32cubeide_1.6.0/stm32cubeide/plugins/com.st.stm32cube.ide.mcu.externaltools.gnu-tools-for-stm32.9-2020-q2-update.win32_1.5.0.202011040924/tools/bin/../lib/gcc/arm-none-eabi/9.3.1/thumb/v7e-m+fp/hard\libgcc.a
LOAD c:/st/stm32cubeide_1.6.0/stm32cubeide/plugins/com.st.stm32cube.ide.mcu.externaltools.gnu-tools-for-stm32.9-2020-q2-update.win32_1.5.0.202011040924/tools/bin/../lib/gcc/arm-none-eabi/9.3.1/../../../../arm-none-eabi/lib/thumb/v7e-m+fp/hard\libc_nano.a
LOAD c:/st/stm32cubeide_1.6.0/stm32cubeide/plugins/com.st.stm32cube.ide.mcu.externaltools.gnu-tools-for-stm32.9-2020-q2-update.win32_1.5.0.202011040924/tools/bin/../lib/gcc/arm-none-eabi/9.3.1/../../../../arm-none-eabi/lib/thumb/v7e-m+fp/hard\libnosys.a
END GROUP
LOAD c:/st/stm32cubeide_1.6.0/stm32cubeide/plugins/com.st.stm32cube.ide.mcu.externaltools.gnu-tools-for-stm32.9-2020-q2-update.win32_1.5.0.202011040924/tools/bin/../lib/gcc/arm-none-eabi/9.3.1/thumb/v7e-m+fp/hard/crtend.o
LOAD c:/st/stm32cubeide_1.6.0/stm32cubeide/plugins/com.st.stm32cube.ide.mcu.externaltools.gnu-tools-for-stm32.9-2020-q2-update.win32_1.5.0.202011040924/tools/bin/../lib/gcc/arm-none-eabi/9.3.1/thumb/v7e-m+fp/hard/crtn.o
                0x0000000020018000                _estack = (ORIGIN (RAM) + LENGTH (RAM))
                0x0000000000000200                _Min_Heap_Size = 0x200
                0x0000000000000400                _Min_Stack_Size = 0x400

.isr_vector     0x0000000008000000      0x194
                0x0000000008000000                . = ALIGN (0x4)
 *(.isr_vector)
 .isr_vector    0x0000000008000000      0x194 Core/Startup/startup_stm32f401retx.o
                0x0000000008000000                g_pfnVectors
                0x0000000008000194                . = ALIGN (0x4)

.text           0x0000000008000198     0x69fc
                0x0000000008000198                . = ALIGN (0x4)
 *(.text)
 .text          0x0000000008000198       0x40 c:/st/stm32cubeide_1.6.0/stm32cubeide/plugins/com.st.stm32cube.ide.mcu.externaltools.gnu-tools-for-stm32.9-2020-q2-update.win32_1.5.0.202011040924/tools/bin/../lib/gcc/arm-none-eabi/9.3.1/thumb/v7e-m+fp/hard/crtbegin.o
 .text          0x00000000080001d8      0x378 c:/st/stm32cubeide_1.6.0/stm32cubeide/plugins/com.st.stm32cube.ide.mcu.externaltools.gnu-tools-for-stm32.9-2020-q2-update.win32_1.5.0.202011040924/tools/bin/../lib/gcc/arm-none-eabi/9.3.1/thumb/v7e-m+fp/hard\libgcc.a(_arm_addsubdf3.o)
                0x00000000080001d8                __aeabi_drsub
                0x00000000080001e0                __aeabi_dsub
                0x00000000080001e0                __subdf3
                0x00000000080001e4                __aeabi_dadd
                0x00000000080001e4                __adddf3
                0x000000000800045c                __floatunsidf
                0x000000000800045c                __aeabi_ui2d
                0x000000000800047c                __floatsidf
                0x000000000800047c                __aeabi_i2d
                0x00000000080004a0                __aeabi_f2d
                0x00000000080004a0                __extendsfdf2
                0x00000000080004e4                __floatundidf
                0x00000000080004e4                __aeabi_ul2d
                0x00000000080004f4                __floatdidf
                0x00000000080004f4                __aeabi_l2d
 .text          0x0000000008000550      0x424 c:/st/stm32cubeide_1.6.0/stm32cubeide/plugins/com.st.stm32cube.ide.mcu.externaltools.gnu-tools-for-stm32.9-2020-q2-update.win32_1.5.0.202011040924/tools/bin/../lib/gcc/arm-none-eabi/9.3.1/thumb/v7e-m+fp/hard\libgcc.a(_arm_muldivdf3.o)
                0x0000000008000550                __aeabi_dmul
                0x0000000008000550                __muldf3
                0x00000000080007a4                __divdf3
                0x00000000080007a4                __aeabi_ddiv
 .text          0x0000000008000974      0x110 c:/st/stm32cubeide_1.6.0/stm32cubeide/plugins/com.st.stm32cube.ide.mcu.externaltools.gnu-tools-for-stm32.9-2020-q2-update.win32_1.5.0.202011040924/tools/bin/../lib/gcc/arm-none-eabi/9.3.1/thumb/v7e-m+fp/hard\libgcc.a(_arm_cmpdf2.o)
                0x0000000008000974                __gtdf2
                0x0000000008000974                __gedf2
                0x000000000800097c                __ltdf2
                0x000000000800097c                __ledf2
                0x0000000008000984                __nedf2
                0x0000000008000984                __eqdf2
                0x0000000008000984                __cmpdf2
                0x0000000008000a00                __aeabi_cdrcmple
                0x0000000008000a10                __aeabi_cdcmpeq
                0x0000000008000a10                __aeabi_cdcmple
                0x0000000008000a20                __aeabi_dcmpeq
                0x0000000008000a34                __aeabi_dcmplt
                0x0000000008000a48                __aeabi_dcmple
                0x0000000008000a5c                __aeabi_dcmpge
                0x0000000008000a70                __aeabi_dcmpgt
 .text          0x0000000008000a84       0x2c c:/st/stm32cubeide_1.6.0/stm32cubeide/plugins/com.st.stm32cube.ide.mcu.externaltools.gnu-tools-for-stm32.9-2020-q2-update.win32_1.5.0.202011040924/tools/bin/../lib/gcc/arm-none-eabi/9.3.1/thumb/v7e-m+fp/hard\libgcc.a(_arm_unorddf2.o)
                0x0000000008000a84                __unorddf2
                0x0000000008000a84                __aeabi_dcmpun
 .text          0x0000000008000ab0       0xa0 c:/st/stm32cubeide_1.6.0/stm32cubeide/plugins/com.st.stm32cube.ide.mcu.externaltools.gnu-tools-for-stm32.9-2020-q2-update.win32_1.5.0.202011040924/tools/bin/../lib/gcc/arm-none-eabi/9.3.1/thumb/v7e-m+fp/hard\libgcc.a(_arm_truncdfsf2.o)
                0x0000000008000ab0                __truncdfsf2
                0x0000000008000ab0                __aeabi_d2f
 .text          0x0000000008000b50       0x30 c:/st/stm32cubeide_1.6.0/stm32cubeide/plugins/com.st.stm32cube.ide.mcu.externaltools.gnu-tools-for-stm32.9-2020-q2-update.win32_1.5.0.202011040924/tools/bin/../lib/gcc/arm-none-eabi/9.3.1/thumb/v7e-m+fp/hard\libgcc.a(_aeabi_uldivmod.o)
                0x0000000008000b50                __aeabi_uldivmod
 .text          0x0000000008000b80      0x2c4 c:/st/stm32cubeide_1.6.0/stm32cubeide/plugins/com.st.stm32cube.ide.mcu.externaltools.gnu-tools-for-stm32.9-2020-q2-update.win32_1.5.0.202011040924/tools/bin/../lib/gcc/arm-none-eabi/9.3.1/thumb/v7e-m+fp/hard\libgcc.a(_udivmoddi4.o)
                0x0000000008000b80                __udivmoddi4
 .text          0x0000000008000e44        0x4 c:/st/stm32cubeide_1.6.0/stm32cubeide/plugins/com.st.stm32cube.ide.mcu.externaltools.gnu-tools-for-stm32.9-2020-q2-update.win32_1.5.0.202011040924/tools/bin/../lib/gcc/arm-none-eabi/9.3.1/thumb/v7e-m+fp/hard\libgcc.a(_dvmd_tls.o)
                0x0000000008000e44                __aeabi_idiv0
                0x0000000008000e44                __aeabi_ldiv0
 *(.text*)
 .text.PID      0x0000000008000e48      0x178 Core/Src/PID.o
                0x0000000008000e48                PID
 .text.set_accel_axes
                0x0000000008000fc0       0x38 Core/Src/accel.o
                0x0000000008000fc0                set_accel_axes
 .text.get_ax   0x0000000008000ff8       0x1a Core/Src/accel.o
                0x0000000008000ff8                get_ax
 .text.get_ay   0x0000000008001012       0x1a Core/Src/accel.o
                0x0000000008001012                get_ay
 .text.get_az   0x000000000800102c       0x1a Core/Src/accel.o
                0x000000000800102c                get_az
 *fill*         0x0000000008001046        0x2 
 .text.MX_ADC1_Init
                0x0000000008001048       0xa4 Core/Src/adc.o
                0x0000000008001048                MX_ADC1_Init
 .text.HAL_ADC_MspInit
                0x00000000080010ec       0xf0 Core/Src/adc.o
                0x00000000080010ec                HAL_ADC_MspInit
 *fill*         0x00000000080011dc        0x4 
 .text.get_Accel_pitch
                0x00000000080011e0       0x90 Core/Src/angle.o
                0x00000000080011e0                get_Accel_pitch
 .text.get_pitch_accel_error
                0x0000000008001270       0x1c Core/Src/angle.o
                0x0000000008001270                get_pitch_accel_error
 .text.get_pitch_gyro_error
                0x000000000800128c       0x1c Core/Src/angle.o
                0x000000000800128c                get_pitch_gyro_error
 .text.__handle_pitch
                0x00000000080012a8      0x254 Core/Src/control_loop.o
                0x00000000080012a8                __handle_pitch
 *fill*         0x00000000080014fc        0x4 
 .text.execute_control
                0x0000000008001500      0x18c Core/Src/control_loop.o
                0x0000000008001500                execute_control
 .text.MX_DMA_Init
                0x000000000800168c       0x40 Core/Src/dma.o
                0x000000000800168c                MX_DMA_Init
 .text.MX_GPIO_Init
                0x00000000080016cc       0xcc Core/Src/gpio.o
                0x00000000080016cc                MX_GPIO_Init
 .text.set_gyro_axes
                0x0000000008001798       0x38 Core/Src/gyro.o
                0x0000000008001798                set_gyro_axes
 .text.get_gy   0x00000000080017d0       0x1a Core/Src/gyro.o
                0x00000000080017d0                get_gy
 *fill*         0x00000000080017ea        0x2 
 .text.MX_I2C2_Init
                0x00000000080017ec       0x5c Core/Src/i2c.o
                0x00000000080017ec                MX_I2C2_Init
 .text.HAL_I2C_MspInit
                0x0000000008001848       0xb0 Core/Src/i2c.o
                0x0000000008001848                HAL_I2C_MspInit
 .text.request_data
                0x00000000080018f8       0x34 Core/Src/joystick.o
                0x00000000080018f8                request_data
 .text.save_data
                0x000000000800192c       0x1c Core/Src/joystick.o
                0x000000000800192c                save_data
 .text.read_data
                0x0000000008001948       0x24 Core/Src/joystick.o
                0x0000000008001948                read_data
 .text.set_x    0x000000000800196c       0x1e Core/Src/joystick.o
                0x000000000800196c                set_x
 .text.get_x    0x000000000800198a       0x18 Core/Src/joystick.o
                0x000000000800198a                get_x
 *fill*         0x00000000080019a2        0x2 
 .text.main     0x00000000080019a4       0x7c Core/Src/main.o
                0x00000000080019a4                main
 .text.SystemClock_Config
                0x0000000008001a20       0xc0 Core/Src/main.o
                0x0000000008001a20                SystemClock_Config
 .text.Error_Handler
                0x0000000008001ae0        0xa Core/Src/main.o
                0x0000000008001ae0                Error_Handler
 *fill*         0x0000000008001aea        0x2 
 .text.__handler
                0x0000000008001aec       0xdc Core/Src/motor_driver.o
                0x0000000008001aec                __handler
 .text.get_direction
                0x0000000008001bc8       0x40 Core/Src/motor_driver.o
                0x0000000008001bc8                get_direction
 .text.motorMove
                0x0000000008001c08       0xb8 Core/Src/motor_driver.o
                0x0000000008001c08                motorMove
 .text.__MPU6050_read
                0x0000000008001cc0       0x4c Core/Src/mpu6050.o
                0x0000000008001cc0                __MPU6050_read
 .text.__MPU6050_write
                0x0000000008001d0c       0x4c Core/Src/mpu6050.o
                0x0000000008001d0c                __MPU6050_write
 .text.MPU6050_init
                0x0000000008001d58       0x7c Core/Src/mpu6050.o
                0x0000000008001d58                MPU6050_init
 .text.MPU6050_gyro_set_full_scale_range
                0x0000000008001dd4       0x54 Core/Src/mpu6050.o
                0x0000000008001dd4                MPU6050_gyro_set_full_scale_range
 .text.MPU6050_accel_set_full_scale_range
                0x0000000008001e28       0x54 Core/Src/mpu6050.o
                0x0000000008001e28                MPU6050_accel_set_full_scale_range
 .text.MPU6050_set_rate_divider
                0x0000000008001e7c       0x20 Core/Src/mpu6050.o
                0x0000000008001e7c                MPU6050_set_rate_divider
 .text.MPU6050_configuration
                0x0000000008001e9c       0x3c Core/Src/mpu6050.o
                0x0000000008001e9c                MPU6050_configuration
 .text.MPU6050_DLPF_configuration
                0x0000000008001ed8       0x32 Core/Src/mpu6050.o
                0x0000000008001ed8                MPU6050_DLPF_configuration
 *fill*         0x0000000008001f0a        0x2 
 .text.MPU6050_retrieve_data
                0x0000000008001f0c       0x18 Core/Src/mpu6050.o
                0x0000000008001f0c                MPU6050_retrieve_data
 .text.__concatenate_buffer
                0x0000000008001f24       0x2e Core/Src/mpu6050.o
                0x0000000008001f24                __concatenate_buffer
 *fill*         0x0000000008001f52        0x2 
 .text.MPU6050_save_data
                0x0000000008001f54       0xb8 Core/Src/mpu6050.o
                0x0000000008001f54                MPU6050_save_data
 .text.MPU6050_get_gy
                0x000000000800200c       0x14 Core/Src/mpu6050.o
                0x000000000800200c                MPU6050_get_gy
 .text.MPU6050_get_ax
                0x0000000008002020       0x14 Core/Src/mpu6050.o
                0x0000000008002020                MPU6050_get_ax
 .text.MPU6050_get_ay
                0x0000000008002034       0x14 Core/Src/mpu6050.o
                0x0000000008002034                MPU6050_get_ay
 .text.MPU6050_get_az
                0x0000000008002048       0x14 Core/Src/mpu6050.o
                0x0000000008002048                MPU6050_get_az
 .text._set_GyroX_offset
                0x000000000800205c       0x30 Core/Src/mpu6050.o
                0x000000000800205c                _set_GyroX_offset
 .text._set_GyroY_offset
                0x000000000800208c       0x30 Core/Src/mpu6050.o
                0x000000000800208c                _set_GyroY_offset
 .text._set_GyroZ_offset
                0x00000000080020bc       0x30 Core/Src/mpu6050.o
                0x00000000080020bc                _set_GyroZ_offset
 .text.set_Gyro_offset
                0x00000000080020ec       0x32 Core/Src/mpu6050.o
                0x00000000080020ec                set_Gyro_offset
 *fill*         0x000000000800211e        0x2 
 .text.HAL_MspInit
                0x0000000008002120       0x50 Core/Src/stm32f4xx_hal_msp.o
                0x0000000008002120                HAL_MspInit
 .text.NMI_Handler
                0x0000000008002170        0x6 Core/Src/stm32f4xx_it.o
                0x0000000008002170                NMI_Handler
 .text.HardFault_Handler
                0x0000000008002176        0x6 Core/Src/stm32f4xx_it.o
                0x0000000008002176                HardFault_Handler
 .text.MemManage_Handler
                0x000000000800217c        0x6 Core/Src/stm32f4xx_it.o
                0x000000000800217c                MemManage_Handler
 .text.BusFault_Handler
                0x0000000008002182        0x6 Core/Src/stm32f4xx_it.o
                0x0000000008002182                BusFault_Handler
 .text.UsageFault_Handler
                0x0000000008002188        0x6 Core/Src/stm32f4xx_it.o
                0x0000000008002188                UsageFault_Handler
 .text.SVC_Handler
                0x000000000800218e        0xe Core/Src/stm32f4xx_it.o
                0x000000000800218e                SVC_Handler
 .text.DebugMon_Handler
                0x000000000800219c        0xe Core/Src/stm32f4xx_it.o
                0x000000000800219c                DebugMon_Handler
 .text.PendSV_Handler
                0x00000000080021aa        0xe Core/Src/stm32f4xx_it.o
                0x00000000080021aa                PendSV_Handler
 .text.SysTick_Handler
                0x00000000080021b8        0xc Core/Src/stm32f4xx_it.o
                0x00000000080021b8                SysTick_Handler
 .text.TIM1_TRG_COM_TIM11_IRQHandler
                0x00000000080021c4       0x14 Core/Src/stm32f4xx_it.o
                0x00000000080021c4                TIM1_TRG_COM_TIM11_IRQHandler
 .text.HAL_TIM_PeriodElapsedCallback
                0x00000000080021d8       0x24 Core/Src/stm32f4xx_it.o
                0x00000000080021d8                HAL_TIM_PeriodElapsedCallback
 .text.DMA2_Stream0_IRQHandler
                0x00000000080021fc       0x14 Core/Src/stm32f4xx_it.o
                0x00000000080021fc                DMA2_Stream0_IRQHandler
 .text.HAL_ADC_ConvCpltCallback
                0x0000000008002210       0x14 Core/Src/stm32f4xx_it.o
                0x0000000008002210                HAL_ADC_ConvCpltCallback
 .text.SystemInit
                0x0000000008002224       0x24 Core/Src/system_stm32f4xx.o
                0x0000000008002224                SystemInit
 .text.MX_TIM1_Init
                0x0000000008002248       0xb0 Core/Src/tim.o
                0x0000000008002248                MX_TIM1_Init
 .text.MX_TIM3_Init
                0x00000000080022f8       0xa8 Core/Src/tim.o
                0x00000000080022f8                MX_TIM3_Init
 .text.MX_TIM10_Init
                0x00000000080023a0       0x98 Core/Src/tim.o
                0x00000000080023a0                MX_TIM10_Init
 .text.MX_TIM11_Init
                0x0000000008002438       0x48 Core/Src/tim.o
                0x0000000008002438                MX_TIM11_Init
 .text.HAL_TIM_Encoder_MspInit
                0x0000000008002480      0x108 Core/Src/tim.o
                0x0000000008002480                HAL_TIM_Encoder_MspInit
 .text.HAL_TIM_Base_MspInit
                0x0000000008002588       0x7c Core/Src/tim.o
                0x0000000008002588                HAL_TIM_Base_MspInit
 .text.HAL_TIM_MspPostInit
                0x0000000008002604       0x74 Core/Src/tim.o
                0x0000000008002604                HAL_TIM_MspPostInit
 .text.Reset_Handler
                0x0000000008002678       0x50 Core/Startup/startup_stm32f401retx.o
                0x0000000008002678                Reset_Handler
 .text.Default_Handler
                0x00000000080026c8        0x2 Core/Startup/startup_stm32f401retx.o
                0x00000000080026c8                RTC_Alarm_IRQHandler
                0x00000000080026c8                EXTI2_IRQHandler
                0x00000000080026c8                SPI4_IRQHandler
                0x00000000080026c8                TIM1_CC_IRQHandler
                0x00000000080026c8                DMA2_Stream5_IRQHandler
                0x00000000080026c8                DMA1_Stream5_IRQHandler
                0x00000000080026c8                PVD_IRQHandler
                0x00000000080026c8                SDIO_IRQHandler
                0x00000000080026c8                TAMP_STAMP_IRQHandler
                0x00000000080026c8                EXTI3_IRQHandler
                0x00000000080026c8                TIM1_UP_TIM10_IRQHandler
                0x00000000080026c8                I2C3_ER_IRQHandler
                0x00000000080026c8                EXTI0_IRQHandler
                0x00000000080026c8                I2C2_EV_IRQHandler
                0x00000000080026c8                DMA1_Stream2_IRQHandler
                0x00000000080026c8                FPU_IRQHandler
                0x00000000080026c8                DMA2_Stream2_IRQHandler
                0x00000000080026c8                SPI1_IRQHandler
                0x00000000080026c8                TIM1_BRK_TIM9_IRQHandler
                0x00000000080026c8                DMA2_Stream3_IRQHandler
                0x00000000080026c8                USART6_IRQHandler
                0x00000000080026c8                TIM4_IRQHandler
                0x00000000080026c8                I2C1_EV_IRQHandler
                0x00000000080026c8                DMA1_Stream6_IRQHandler
                0x00000000080026c8                DMA1_Stream1_IRQHandler
                0x00000000080026c8                TIM3_IRQHandler
                0x00000000080026c8                RCC_IRQHandler
                0x00000000080026c8                Default_Handler
                0x00000000080026c8                EXTI15_10_IRQHandler
                0x00000000080026c8                ADC_IRQHandler
                0x00000000080026c8                DMA1_Stream7_IRQHandler
                0x00000000080026c8                TIM5_IRQHandler
                0x00000000080026c8                DMA2_Stream7_IRQHandler
                0x00000000080026c8                I2C3_EV_IRQHandler
                0x00000000080026c8                EXTI9_5_IRQHandler
                0x00000000080026c8                RTC_WKUP_IRQHandler
                0x00000000080026c8                SPI2_IRQHandler
                0x00000000080026c8                DMA1_Stream0_IRQHandler
                0x00000000080026c8                EXTI4_IRQHandler
                0x00000000080026c8                WWDG_IRQHandler
                0x00000000080026c8                TIM2_IRQHandler
                0x00000000080026c8                OTG_FS_WKUP_IRQHandler
                0x00000000080026c8                EXTI1_IRQHandler
                0x00000000080026c8                USART2_IRQHandler
                0x00000000080026c8                I2C2_ER_IRQHandler
                0x00000000080026c8                DMA2_Stream1_IRQHandler
                0x00000000080026c8                FLASH_IRQHandler
                0x00000000080026c8                DMA2_Stream4_IRQHandler
                0x00000000080026c8                USART1_IRQHandler
                0x00000000080026c8                OTG_FS_IRQHandler
                0x00000000080026c8                SPI3_IRQHandler
                0x00000000080026c8                DMA1_Stream4_IRQHandler
                0x00000000080026c8                I2C1_ER_IRQHandler
                0x00000000080026c8                DMA2_Stream6_IRQHandler
                0x00000000080026c8                DMA1_Stream3_IRQHandler
 *fill*         0x00000000080026ca        0x2 
 .text.HAL_Init
                0x00000000080026cc       0x44 Drivers/STM32F4xx_HAL_Driver/Src/stm32f4xx_hal.o
                0x00000000080026cc                HAL_Init
 .text.HAL_InitTick
                0x0000000008002710       0x60 Drivers/STM32F4xx_HAL_Driver/Src/stm32f4xx_hal.o
                0x0000000008002710                HAL_InitTick
 .text.HAL_IncTick
                0x0000000008002770       0x28 Drivers/STM32F4xx_HAL_Driver/Src/stm32f4xx_hal.o
                0x0000000008002770                HAL_IncTick
 .text.HAL_GetTick
                0x0000000008002798       0x18 Drivers/STM32F4xx_HAL_Driver/Src/stm32f4xx_hal.o
                0x0000000008002798                HAL_GetTick
 .text.HAL_Delay
                0x00000000080027b0       0x48 Drivers/STM32F4xx_HAL_Driver/Src/stm32f4xx_hal.o
                0x00000000080027b0                HAL_Delay
 .text.HAL_ADC_Init
                0x00000000080027f8       0x86 Drivers/STM32F4xx_HAL_Driver/Src/stm32f4xx_hal_adc.o
                0x00000000080027f8                HAL_ADC_Init
 *fill*         0x000000000800287e        0x2 
 .text.HAL_ADC_Start_DMA
                0x0000000008002880      0x1e0 Drivers/STM32F4xx_HAL_Driver/Src/stm32f4xx_hal_adc.o
                0x0000000008002880                HAL_ADC_Start_DMA
 .text.HAL_ADC_ConvHalfCpltCallback
                0x0000000008002a60       0x14 Drivers/STM32F4xx_HAL_Driver/Src/stm32f4xx_hal_adc.o
                0x0000000008002a60                HAL_ADC_ConvHalfCpltCallback
 .text.HAL_ADC_ErrorCallback
                0x0000000008002a74       0x14 Drivers/STM32F4xx_HAL_Driver/Src/stm32f4xx_hal_adc.o
                0x0000000008002a74                HAL_ADC_ErrorCallback
 .text.HAL_ADC_ConfigChannel
                0x0000000008002a88      0x244 Drivers/STM32F4xx_HAL_Driver/Src/stm32f4xx_hal_adc.o
                0x0000000008002a88                HAL_ADC_ConfigChannel
 .text.ADC_Init
                0x0000000008002ccc      0x1f8 Drivers/STM32F4xx_HAL_Driver/Src/stm32f4xx_hal_adc.o
 .text.ADC_DMAConvCplt
                0x0000000008002ec4       0xba Drivers/STM32F4xx_HAL_Driver/Src/stm32f4xx_hal_adc.o
 .text.ADC_DMAHalfConvCplt
                0x0000000008002f7e       0x1c Drivers/STM32F4xx_HAL_Driver/Src/stm32f4xx_hal_adc.o
 .text.ADC_DMAError
                0x0000000008002f9a       0x2e Drivers/STM32F4xx_HAL_Driver/Src/stm32f4xx_hal_adc.o
 .text.__NVIC_SetPriorityGrouping
                0x0000000008002fc8       0x48 Drivers/STM32F4xx_HAL_Driver/Src/stm32f4xx_hal_cortex.o
 .text.__NVIC_GetPriorityGrouping
                0x0000000008003010       0x1c Drivers/STM32F4xx_HAL_Driver/Src/stm32f4xx_hal_cortex.o
 .text.__NVIC_EnableIRQ
                0x000000000800302c       0x3c Drivers/STM32F4xx_HAL_Driver/Src/stm32f4xx_hal_cortex.o
 .text.__NVIC_SetPriority
                0x0000000008003068       0x54 Drivers/STM32F4xx_HAL_Driver/Src/stm32f4xx_hal_cortex.o
 .text.NVIC_EncodePriority
                0x00000000080030bc       0x66 Drivers/STM32F4xx_HAL_Driver/Src/stm32f4xx_hal_cortex.o
 *fill*         0x0000000008003122        0x2 
 .text.SysTick_Config
                0x0000000008003124       0x44 Drivers/STM32F4xx_HAL_Driver/Src/stm32f4xx_hal_cortex.o
 .text.HAL_NVIC_SetPriorityGrouping
                0x0000000008003168       0x16 Drivers/STM32F4xx_HAL_Driver/Src/stm32f4xx_hal_cortex.o
                0x0000000008003168                HAL_NVIC_SetPriorityGrouping
 .text.HAL_NVIC_SetPriority
                0x000000000800317e       0x38 Drivers/STM32F4xx_HAL_Driver/Src/stm32f4xx_hal_cortex.o
                0x000000000800317e                HAL_NVIC_SetPriority
 .text.HAL_NVIC_EnableIRQ
                0x00000000080031b6       0x1c Drivers/STM32F4xx_HAL_Driver/Src/stm32f4xx_hal_cortex.o
                0x00000000080031b6                HAL_NVIC_EnableIRQ
 .text.HAL_SYSTICK_Config
                0x00000000080031d2       0x18 Drivers/STM32F4xx_HAL_Driver/Src/stm32f4xx_hal_cortex.o
                0x00000000080031d2                HAL_SYSTICK_Config
 *fill*         0x00000000080031ea        0x2 
 .text.HAL_DMA_Init
                0x00000000080031ec      0x15c Drivers/STM32F4xx_HAL_Driver/Src/stm32f4xx_hal_dma.o
                0x00000000080031ec                HAL_DMA_Init
 .text.HAL_DMA_Start_IT
                0x0000000008003348       0xb0 Drivers/STM32F4xx_HAL_Driver/Src/stm32f4xx_hal_dma.o
                0x0000000008003348                HAL_DMA_Start_IT
 .text.HAL_DMA_IRQHandler
                0x00000000080033f8      0x314 Drivers/STM32F4xx_HAL_Driver/Src/stm32f4xx_hal_dma.o
                0x00000000080033f8                HAL_DMA_IRQHandler
 .text.DMA_SetConfig
                0x000000000800370c       0x5c Drivers/STM32F4xx_HAL_Driver/Src/stm32f4xx_hal_dma.o
 .text.DMA_CalcBaseAndBitshift
                0x0000000008003768       0x6c Drivers/STM32F4xx_HAL_Driver/Src/stm32f4xx_hal_dma.o
 .text.DMA_CheckFifoParam
                0x00000000080037d4       0xf8 Drivers/STM32F4xx_HAL_Driver/Src/stm32f4xx_hal_dma.o
 .text.HAL_GPIO_Init
                0x00000000080038cc      0x308 Drivers/STM32F4xx_HAL_Driver/Src/stm32f4xx_hal_gpio.o
                0x00000000080038cc                HAL_GPIO_Init
 .text.HAL_GPIO_WritePin
                0x0000000008003bd4       0x32 Drivers/STM32F4xx_HAL_Driver/Src/stm32f4xx_hal_gpio.o
                0x0000000008003bd4                HAL_GPIO_WritePin
 *fill*         0x0000000008003c06        0x2 
 .text.HAL_I2C_Init
                0x0000000008003c08      0x288 Drivers/STM32F4xx_HAL_Driver/Src/stm32f4xx_hal_i2c.o
                0x0000000008003c08                HAL_I2C_Init
 .text.HAL_I2C_Mem_Write
                0x0000000008003e90      0x1f4 Drivers/STM32F4xx_HAL_Driver/Src/stm32f4xx_hal_i2c.o
                0x0000000008003e90                HAL_I2C_Mem_Write
 .text.HAL_I2C_Mem_Read
                0x0000000008004084      0x44c Drivers/STM32F4xx_HAL_Driver/Src/stm32f4xx_hal_i2c.o
                0x0000000008004084                HAL_I2C_Mem_Read
 .text.HAL_I2C_IsDeviceReady
                0x00000000080044d0      0x25c Drivers/STM32F4xx_HAL_Driver/Src/stm32f4xx_hal_i2c.o
                0x00000000080044d0                HAL_I2C_IsDeviceReady
 .text.I2C_RequestMemoryWrite
                0x000000000800472c      0x12c Drivers/STM32F4xx_HAL_Driver/Src/stm32f4xx_hal_i2c.o
 .text.I2C_RequestMemoryRead
                0x0000000008004858      0x1d0 Drivers/STM32F4xx_HAL_Driver/Src/stm32f4xx_hal_i2c.o
 .text.I2C_WaitOnFlagUntilTimeout
                0x0000000008004a28       0xae Drivers/STM32F4xx_HAL_Driver/Src/stm32f4xx_hal_i2c.o
 .text.I2C_WaitOnMasterAddressFlagUntilTimeout
                0x0000000008004ad6       0xfe Drivers/STM32F4xx_HAL_Driver/Src/stm32f4xx_hal_i2c.o
 .text.I2C_WaitOnTXEFlagUntilTimeout
                0x0000000008004bd4       0x82 Drivers/STM32F4xx_HAL_Driver/Src/stm32f4xx_hal_i2c.o
 .text.I2C_WaitOnBTFFlagUntilTimeout
                0x0000000008004c56       0x82 Drivers/STM32F4xx_HAL_Driver/Src/stm32f4xx_hal_i2c.o
 .text.I2C_WaitOnRXNEFlagUntilTimeout
                0x0000000008004cd8       0xac Drivers/STM32F4xx_HAL_Driver/Src/stm32f4xx_hal_i2c.o
 .text.I2C_IsAcknowledgeFailed
                0x0000000008004d84       0x5e Drivers/STM32F4xx_HAL_Driver/Src/stm32f4xx_hal_i2c.o
 *fill*         0x0000000008004de2        0x2 
 .text.HAL_RCC_OscConfig
                0x0000000008004de4      0x4f0 Drivers/STM32F4xx_HAL_Driver/Src/stm32f4xx_hal_rcc.o
                0x0000000008004de4                HAL_RCC_OscConfig
 .text.HAL_RCC_ClockConfig
                0x00000000080052d4      0x1cc Drivers/STM32F4xx_HAL_Driver/Src/stm32f4xx_hal_rcc.o
                0x00000000080052d4                HAL_RCC_ClockConfig
 .text.HAL_RCC_GetSysClockFreq
                0x00000000080054a0      0x16c Drivers/STM32F4xx_HAL_Driver/Src/stm32f4xx_hal_rcc.o
                0x00000000080054a0                HAL_RCC_GetSysClockFreq
 .text.HAL_RCC_GetHCLKFreq
                0x000000000800560c       0x18 Drivers/STM32F4xx_HAL_Driver/Src/stm32f4xx_hal_rcc.o
                0x000000000800560c                HAL_RCC_GetHCLKFreq
 .text.HAL_RCC_GetPCLK1Freq
                0x0000000008005624       0x28 Drivers/STM32F4xx_HAL_Driver/Src/stm32f4xx_hal_rcc.o
                0x0000000008005624                HAL_RCC_GetPCLK1Freq
 .text.HAL_TIM_Base_Init
                0x000000000800564c       0x9e Drivers/STM32F4xx_HAL_Driver/Src/stm32f4xx_hal_tim.o
                0x000000000800564c                HAL_TIM_Base_Init
 *fill*         0x00000000080056ea        0x2 
 .text.HAL_TIM_Base_Start_IT
                0x00000000080056ec       0xc4 Drivers/STM32F4xx_HAL_Driver/Src/stm32f4xx_hal_tim.o
                0x00000000080056ec                HAL_TIM_Base_Start_IT
 .text.HAL_TIM_PWM_Init
                0x00000000080057b0       0x9e Drivers/STM32F4xx_HAL_Driver/Src/stm32f4xx_hal_tim.o
                0x00000000080057b0                HAL_TIM_PWM_Init
 .text.HAL_TIM_PWM_MspInit
                0x000000000800584e       0x14 Drivers/STM32F4xx_HAL_Driver/Src/stm32f4xx_hal_tim.o
                0x000000000800584e                HAL_TIM_PWM_MspInit
 *fill*         0x0000000008005862        0x2 
 .text.HAL_TIM_PWM_Start
                0x0000000008005864      0x160 Drivers/STM32F4xx_HAL_Driver/Src/stm32f4xx_hal_tim.o
                0x0000000008005864                HAL_TIM_PWM_Start
 .text.HAL_TIM_Encoder_Init
                0x00000000080059c4      0x14c Drivers/STM32F4xx_HAL_Driver/Src/stm32f4xx_hal_tim.o
                0x00000000080059c4                HAL_TIM_Encoder_Init
 .text.HAL_TIM_IRQHandler
                0x0000000008005b10      0x210 Drivers/STM32F4xx_HAL_Driver/Src/stm32f4xx_hal_tim.o
                0x0000000008005b10                HAL_TIM_IRQHandler
 .text.HAL_TIM_PWM_ConfigChannel
                0x0000000008005d20      0x17c Drivers/STM32F4xx_HAL_Driver/Src/stm32f4xx_hal_tim.o
                0x0000000008005d20                HAL_TIM_PWM_ConfigChannel
 .text.HAL_TIM_OC_DelayElapsedCallback
                0x0000000008005e9c       0x14 Drivers/STM32F4xx_HAL_Driver/Src/stm32f4xx_hal_tim.o
                0x0000000008005e9c                HAL_TIM_OC_DelayElapsedCallback
 .text.HAL_TIM_IC_CaptureCallback
                0x0000000008005eb0       0x14 Drivers/STM32F4xx_HAL_Driver/Src/stm32f4xx_hal_tim.o
                0x0000000008005eb0                HAL_TIM_IC_CaptureCallback
 .text.HAL_TIM_PWM_PulseFinishedCallback
                0x0000000008005ec4       0x14 Drivers/STM32F4xx_HAL_Driver/Src/stm32f4xx_hal_tim.o
                0x0000000008005ec4                HAL_TIM_PWM_PulseFinishedCallback
 .text.HAL_TIM_TriggerCallback
                0x0000000008005ed8       0x14 Drivers/STM32F4xx_HAL_Driver/Src/stm32f4xx_hal_tim.o
                0x0000000008005ed8                HAL_TIM_TriggerCallback
 .text.TIM_Base_SetConfig
                0x0000000008005eec      0x100 Drivers/STM32F4xx_HAL_Driver/Src/stm32f4xx_hal_tim.o
                0x0000000008005eec                TIM_Base_SetConfig
 .text.TIM_OC1_SetConfig
                0x0000000008005fec       0xcc Drivers/STM32F4xx_HAL_Driver/Src/stm32f4xx_hal_tim.o
 .text.TIM_OC2_SetConfig
                0x00000000080060b8       0xd8 Drivers/STM32F4xx_HAL_Driver/Src/stm32f4xx_hal_tim.o
                0x00000000080060b8                TIM_OC2_SetConfig
 .text.TIM_OC3_SetConfig
                0x0000000008006190       0xd4 Drivers/STM32F4xx_HAL_Driver/Src/stm32f4xx_hal_tim.o
 .text.TIM_OC4_SetConfig
                0x0000000008006264       0xa0 Drivers/STM32F4xx_HAL_Driver/Src/stm32f4xx_hal_tim.o
 .text.TIM_CCxChannelCmd
                0x0000000008006304       0x4a Drivers/STM32F4xx_HAL_Driver/Src/stm32f4xx_hal_tim.o
                0x0000000008006304                TIM_CCxChannelCmd
 *fill*         0x000000000800634e        0x2 
 .text.HAL_TIMEx_MasterConfigSynchronization
                0x0000000008006350       0xdc Drivers/STM32F4xx_HAL_Driver/Src/stm32f4xx_hal_tim_ex.o
                0x0000000008006350                HAL_TIMEx_MasterConfigSynchronization
 .text.HAL_TIMEx_CommutCallback
                0x000000000800642c       0x14 Drivers/STM32F4xx_HAL_Driver/Src/stm32f4xx_hal_tim_ex.o
                0x000000000800642c                HAL_TIMEx_CommutCallback
 .text.HAL_TIMEx_BreakCallback
                0x0000000008006440       0x14 Drivers/STM32F4xx_HAL_Driver/Src/stm32f4xx_hal_tim_ex.o
                0x0000000008006440                HAL_TIMEx_BreakCallback
 .text.__errno  0x0000000008006454        0xc c:/st/stm32cubeide_1.6.0/stm32cubeide/plugins/com.st.stm32cube.ide.mcu.externaltools.gnu-tools-for-stm32.9-2020-q2-update.win32_1.5.0.202011040924/tools/bin/../lib/gcc/arm-none-eabi/9.3.1/../../../../arm-none-eabi/lib/thumb/v7e-m+fp/hard\libc_nano.a(lib_a-errno.o)
                0x0000000008006454                __errno
 .text.__libc_init_array
                0x0000000008006460       0x48 c:/st/stm32cubeide_1.6.0/stm32cubeide/plugins/com.st.stm32cube.ide.mcu.externaltools.gnu-tools-for-stm32.9-2020-q2-update.win32_1.5.0.202011040924/tools/bin/../lib/gcc/arm-none-eabi/9.3.1/../../../../arm-none-eabi/lib/thumb/v7e-m+fp/hard\libc_nano.a(lib_a-init.o)
                0x0000000008006460                __libc_init_array
 .text.memset   0x00000000080064a8       0x10 c:/st/stm32cubeide_1.6.0/stm32cubeide/plugins/com.st.stm32cube.ide.mcu.externaltools.gnu-tools-for-stm32.9-2020-q2-update.win32_1.5.0.202011040924/tools/bin/../lib/gcc/arm-none-eabi/9.3.1/../../../../arm-none-eabi/lib/thumb/v7e-m+fp/hard\libc_nano.a(lib_a-memset.o)
                0x00000000080064a8                memset
 .text.atan2    0x00000000080064b8        0x4 c:/st/stm32cubeide_1.6.0/stm32cubeide/plugins/com.st.stm32cube.ide.mcu.externaltools.gnu-tools-for-stm32.9-2020-q2-update.win32_1.5.0.202011040924/tools/bin/../lib/gcc/arm-none-eabi/9.3.1/../../../../arm-none-eabi/lib/thumb/v7e-m+fp/hard\libm.a(lib_a-w_atan2.o)
                0x00000000080064b8                atan2
 .text.sqrt     0x00000000080064bc       0x68 c:/st/stm32cubeide_1.6.0/stm32cubeide/plugins/com.st.stm32cube.ide.mcu.externaltools.gnu-tools-for-stm32.9-2020-q2-update.win32_1.5.0.202011040924/tools/bin/../lib/gcc/arm-none-eabi/9.3.1/../../../../arm-none-eabi/lib/thumb/v7e-m+fp/hard\libm.a(lib_a-w_sqrt.o)
                0x00000000080064bc                sqrt
 *fill*         0x0000000008006524        0x4 
 .text.__ieee754_atan2
                0x0000000008006528      0x194 c:/st/stm32cubeide_1.6.0/stm32cubeide/plugins/com.st.stm32cube.ide.mcu.externaltools.gnu-tools-for-stm32.9-2020-q2-update.win32_1.5.0.202011040924/tools/bin/../lib/gcc/arm-none-eabi/9.3.1/../../../../arm-none-eabi/lib/thumb/v7e-m+fp/hard\libm.a(lib_a-e_atan2.o)
                0x0000000008006528                __ieee754_atan2
 .text.__ieee754_sqrt
                0x00000000080066bc      0x168 c:/st/stm32cubeide_1.6.0/stm32cubeide/plugins/com.st.stm32cube.ide.mcu.externaltools.gnu-tools-for-stm32.9-2020-q2-update.win32_1.5.0.202011040924/tools/bin/../lib/gcc/arm-none-eabi/9.3.1/../../../../arm-none-eabi/lib/thumb/v7e-m+fp/hard\libm.a(lib_a-e_sqrt.o)
                0x00000000080066bc                __ieee754_sqrt
 *fill*         0x0000000008006824        0x4 
 .text.atan     0x0000000008006828      0x340 c:/st/stm32cubeide_1.6.0/stm32cubeide/plugins/com.st.stm32cube.ide.mcu.externaltools.gnu-tools-for-stm32.9-2020-q2-update.win32_1.5.0.202011040924/tools/bin/../lib/gcc/arm-none-eabi/9.3.1/../../../../arm-none-eabi/lib/thumb/v7e-m+fp/hard\libm.a(lib_a-s_atan.o)
                0x0000000008006828                atan
 .text.fabs     0x0000000008006b68       0x12 c:/st/stm32cubeide_1.6.0/stm32cubeide/plugins/com.st.stm32cube.ide.mcu.externaltools.gnu-tools-for-stm32.9-2020-q2-update.win32_1.5.0.202011040924/tools/bin/../lib/gcc/arm-none-eabi/9.3.1/../../../../arm-none-eabi/lib/thumb/v7e-m+fp/hard\libm.a(lib_a-s_fabs.o)
                0x0000000008006b68                fabs
 *(.glue_7)
 .glue_7        0x0000000008006b7a        0x0 linker stubs
 *(.glue_7t)
 .glue_7t       0x0000000008006b7a        0x0 linker stubs
 *(.eh_frame)
 *fill*         0x0000000008006b7a        0x2 
 .eh_frame      0x0000000008006b7c        0x0 c:/st/stm32cubeide_1.6.0/stm32cubeide/plugins/com.st.stm32cube.ide.mcu.externaltools.gnu-tools-for-stm32.9-2020-q2-update.win32_1.5.0.202011040924/tools/bin/../lib/gcc/arm-none-eabi/9.3.1/thumb/v7e-m+fp/hard/crtbegin.o
 *(.init)
 .init          0x0000000008006b7c        0x4 c:/st/stm32cubeide_1.6.0/stm32cubeide/plugins/com.st.stm32cube.ide.mcu.externaltools.gnu-tools-for-stm32.9-2020-q2-update.win32_1.5.0.202011040924/tools/bin/../lib/gcc/arm-none-eabi/9.3.1/thumb/v7e-m+fp/hard/crti.o
                0x0000000008006b7c                _init
 .init          0x0000000008006b80        0x8 c:/st/stm32cubeide_1.6.0/stm32cubeide/plugins/com.st.stm32cube.ide.mcu.externaltools.gnu-tools-for-stm32.9-2020-q2-update.win32_1.5.0.202011040924/tools/bin/../lib/gcc/arm-none-eabi/9.3.1/thumb/v7e-m+fp/hard/crtn.o
 *(.fini)
 .fini          0x0000000008006b88        0x4 c:/st/stm32cubeide_1.6.0/stm32cubeide/plugins/com.st.stm32cube.ide.mcu.externaltools.gnu-tools-for-stm32.9-2020-q2-update.win32_1.5.0.202011040924/tools/bin/../lib/gcc/arm-none-eabi/9.3.1/thumb/v7e-m+fp/hard/crti.o
                0x0000000008006b88                _fini
 .fini          0x0000000008006b8c        0x8 c:/st/stm32cubeide_1.6.0/stm32cubeide/plugins/com.st.stm32cube.ide.mcu.externaltools.gnu-tools-for-stm32.9-2020-q2-update.win32_1.5.0.202011040924/tools/bin/../lib/gcc/arm-none-eabi/9.3.1/thumb/v7e-m+fp/hard/crtn.o
                0x0000000008006b94                . = ALIGN (0x4)
                0x0000000008006b94                _etext = .

.vfp11_veneer   0x0000000008006b94        0x0
 .vfp11_veneer  0x0000000008006b94        0x0 linker stubs

.v4_bx          0x0000000008006b94        0x0
 .v4_bx         0x0000000008006b94        0x0 linker stubs

.iplt           0x0000000008006b94        0x0
 .iplt          0x0000000008006b94        0x0 c:/st/stm32cubeide_1.6.0/stm32cubeide/plugins/com.st.stm32cube.ide.mcu.externaltools.gnu-tools-for-stm32.9-2020-q2-update.win32_1.5.0.202011040924/tools/bin/../lib/gcc/arm-none-eabi/9.3.1/thumb/v7e-m+fp/hard/crtbegin.o

.rodata         0x0000000008006b98       0x90
                0x0000000008006b98                . = ALIGN (0x4)
 *(.rodata)
 *(.rodata*)
 .rodata.AHBPrescTable
                0x0000000008006b98       0x10 Core/Src/system_stm32f4xx.o
                0x0000000008006b98                AHBPrescTable
 .rodata.APBPrescTable
                0x0000000008006ba8        0x8 Core/Src/system_stm32f4xx.o
                0x0000000008006ba8                APBPrescTable
 .rodata.flagBitshiftOffset.8686
                0x0000000008006bb0        0x8 Drivers/STM32F4xx_HAL_Driver/Src/stm32f4xx_hal_dma.o
 .rodata.CSWTCH.8
                0x0000000008006bb8       0x18 c:/st/stm32cubeide_1.6.0/stm32cubeide/plugins/com.st.stm32cube.ide.mcu.externaltools.gnu-tools-for-stm32.9-2020-q2-update.win32_1.5.0.202011040924/tools/bin/../lib/gcc/arm-none-eabi/9.3.1/../../../../arm-none-eabi/lib/thumb/v7e-m+fp/hard\libm.a(lib_a-e_atan2.o)
 .rodata.CSWTCH.9
                0x0000000008006bd0       0x18 c:/st/stm32cubeide_1.6.0/stm32cubeide/plugins/com.st.stm32cube.ide.mcu.externaltools.gnu-tools-for-stm32.9-2020-q2-update.win32_1.5.0.202011040924/tools/bin/../lib/gcc/arm-none-eabi/9.3.1/../../../../arm-none-eabi/lib/thumb/v7e-m+fp/hard\libm.a(lib_a-e_atan2.o)
 .rodata.atanhi
                0x0000000008006be8       0x20 c:/st/stm32cubeide_1.6.0/stm32cubeide/plugins/com.st.stm32cube.ide.mcu.externaltools.gnu-tools-for-stm32.9-2020-q2-update.win32_1.5.0.202011040924/tools/bin/../lib/gcc/arm-none-eabi/9.3.1/../../../../arm-none-eabi/lib/thumb/v7e-m+fp/hard\libm.a(lib_a-s_atan.o)
 .rodata.atanlo
                0x0000000008006c08       0x20 c:/st/stm32cubeide_1.6.0/stm32cubeide/plugins/com.st.stm32cube.ide.mcu.externaltools.gnu-tools-for-stm32.9-2020-q2-update.win32_1.5.0.202011040924/tools/bin/../lib/gcc/arm-none-eabi/9.3.1/../../../../arm-none-eabi/lib/thumb/v7e-m+fp/hard\libm.a(lib_a-s_atan.o)
                0x0000000008006c28                . = ALIGN (0x4)

.ARM.extab      0x0000000008006c28        0x0
                0x0000000008006c28                . = ALIGN (0x4)
 *(.ARM.extab* .gnu.linkonce.armextab.*)
                0x0000000008006c28                . = ALIGN (0x4)

.ARM            0x0000000008006c28        0x8
                0x0000000008006c28                . = ALIGN (0x4)
                0x0000000008006c28                __exidx_start = .
 *(.ARM.exidx*)
 .ARM.exidx     0x0000000008006c28        0x8 c:/st/stm32cubeide_1.6.0/stm32cubeide/plugins/com.st.stm32cube.ide.mcu.externaltools.gnu-tools-for-stm32.9-2020-q2-update.win32_1.5.0.202011040924/tools/bin/../lib/gcc/arm-none-eabi/9.3.1/thumb/v7e-m+fp/hard\libgcc.a(_udivmoddi4.o)
                0x0000000008006c30                __exidx_end = .
                0x0000000008006c30                . = ALIGN (0x4)

.rel.dyn        0x0000000008006c30        0x0
 .rel.iplt      0x0000000008006c30        0x0 c:/st/stm32cubeide_1.6.0/stm32cubeide/plugins/com.st.stm32cube.ide.mcu.externaltools.gnu-tools-for-stm32.9-2020-q2-update.win32_1.5.0.202011040924/tools/bin/../lib/gcc/arm-none-eabi/9.3.1/thumb/v7e-m+fp/hard/crtbegin.o

.preinit_array  0x0000000008006c30        0x0
                0x0000000008006c30                . = ALIGN (0x4)
                0x0000000008006c30                PROVIDE (__preinit_array_start = .)
 *(.preinit_array*)
                0x0000000008006c30                PROVIDE (__preinit_array_end = .)
                0x0000000008006c30                . = ALIGN (0x4)

.init_array     0x0000000008006c30        0x4
                0x0000000008006c30                . = ALIGN (0x4)
                0x0000000008006c30                PROVIDE (__init_array_start = .)
 *(SORT_BY_NAME(.init_array.*))
 *(.init_array*)
 .init_array    0x0000000008006c30        0x4 c:/st/stm32cubeide_1.6.0/stm32cubeide/plugins/com.st.stm32cube.ide.mcu.externaltools.gnu-tools-for-stm32.9-2020-q2-update.win32_1.5.0.202011040924/tools/bin/../lib/gcc/arm-none-eabi/9.3.1/thumb/v7e-m+fp/hard/crtbegin.o
                0x0000000008006c34                PROVIDE (__init_array_end = .)
                0x0000000008006c34                . = ALIGN (0x4)

.fini_array     0x0000000008006c34        0x4
                0x0000000008006c34                . = ALIGN (0x4)
                [!provide]                        PROVIDE (__fini_array_start = .)
 *(SORT_BY_NAME(.fini_array.*))
 *(.fini_array*)
 .fini_array    0x0000000008006c34        0x4 c:/st/stm32cubeide_1.6.0/stm32cubeide/plugins/com.st.stm32cube.ide.mcu.externaltools.gnu-tools-for-stm32.9-2020-q2-update.win32_1.5.0.202011040924/tools/bin/../lib/gcc/arm-none-eabi/9.3.1/thumb/v7e-m+fp/hard/crtbegin.o
                [!provide]                        PROVIDE (__fini_array_end = .)
                0x0000000008006c38                . = ALIGN (0x4)
                0x0000000008006c38                _sidata = LOADADDR (.data)

.data           0x0000000020000000       0x78 load address 0x0000000008006c38
                0x0000000020000000                . = ALIGN (0x4)
                0x0000000020000000                _sdata = .
 *(.data)
 *(.data*)
 .data.first_read
                0x0000000020000000        0x1 Core/Src/control_loop.o
                0x0000000020000000                first_read
 *fill*         0x0000000020000001        0x3 
 .data.SystemCoreClock
                0x0000000020000004        0x4 Core/Src/system_stm32f4xx.o
                0x0000000020000004                SystemCoreClock
 .data.uwTickPrio
                0x0000000020000008        0x4 Drivers/STM32F4xx_HAL_Driver/Src/stm32f4xx_hal.o
                0x0000000020000008                uwTickPrio
 .data.uwTickFreq
                0x000000002000000c        0x1 Drivers/STM32F4xx_HAL_Driver/Src/stm32f4xx_hal.o
                0x000000002000000c                uwTickFreq
 *fill*         0x000000002000000d        0x3 
 .data._impure_ptr
                0x0000000020000010        0x4 c:/st/stm32cubeide_1.6.0/stm32cubeide/plugins/com.st.stm32cube.ide.mcu.externaltools.gnu-tools-for-stm32.9-2020-q2-update.win32_1.5.0.202011040924/tools/bin/../lib/gcc/arm-none-eabi/9.3.1/../../../../arm-none-eabi/lib/thumb/v7e-m+fp/hard\libc_nano.a(lib_a-impure.o)
                0x0000000020000010                _impure_ptr
 .data.impure_data
                0x0000000020000014       0x60 c:/st/stm32cubeide_1.6.0/stm32cubeide/plugins/com.st.stm32cube.ide.mcu.externaltools.gnu-tools-for-stm32.9-2020-q2-update.win32_1.5.0.202011040924/tools/bin/../lib/gcc/arm-none-eabi/9.3.1/../../../../arm-none-eabi/lib/thumb/v7e-m+fp/hard\libc_nano.a(lib_a-impure.o)
 .data.__fdlib_version
                0x0000000020000074        0x1 c:/st/stm32cubeide_1.6.0/stm32cubeide/plugins/com.st.stm32cube.ide.mcu.externaltools.gnu-tools-for-stm32.9-2020-q2-update.win32_1.5.0.202011040924/tools/bin/../lib/gcc/arm-none-eabi/9.3.1/../../../../arm-none-eabi/lib/thumb/v7e-m+fp/hard\libm.a(lib_a-s_lib_ver.o)
                0x0000000020000074                __fdlib_version
 *(.RamFunc)
 *(.RamFunc*)
                0x0000000020000078                . = ALIGN (0x4)
 *fill*         0x0000000020000075        0x3 
                0x0000000020000078                _edata = .

.igot.plt       0x0000000020000078        0x0 load address 0x0000000008006cb0
 .igot.plt      0x0000000020000078        0x0 c:/st/stm32cubeide_1.6.0/stm32cubeide/plugins/com.st.stm32cube.ide.mcu.externaltools.gnu-tools-for-stm32.9-2020-q2-update.win32_1.5.0.202011040924/tools/bin/../lib/gcc/arm-none-eabi/9.3.1/thumb/v7e-m+fp/hard/crtbegin.o
                0x0000000020000078                . = ALIGN (0x4)

.bss            0x0000000020000078      0x284 load address 0x0000000008006cb0
                0x0000000020000078                _sbss = .
                0x0000000020000078                __bss_start__ = _sbss
 *(.bss)
 .bss           0x0000000020000078       0x1c c:/st/stm32cubeide_1.6.0/stm32cubeide/plugins/com.st.stm32cube.ide.mcu.externaltools.gnu-tools-for-stm32.9-2020-q2-update.win32_1.5.0.202011040924/tools/bin/../lib/gcc/arm-none-eabi/9.3.1/thumb/v7e-m+fp/hard/crtbegin.o
 *(.bss*)
 .bss.lastError
                0x0000000020000094        0x4 Core/Src/PID.o
                0x0000000020000094                lastError
 .bss.I         0x0000000020000098        0x4 Core/Src/PID.o
                0x0000000020000098                I
 .bss.pitch_accel_error
                0x000000002000009c        0x4 Core/Src/angle.o
 .bss.pitch_gyro_error
                0x00000000200000a0        0x4 Core/Src/angle.o
 .bss.last_angle
                0x00000000200000a4        0x4 Core/Src/control_loop.o
                0x00000000200000a4                last_angle
 .bss.prev_dir  0x00000000200000a8        0x1 Core/Src/control_loop.o
                0x00000000200000a8                prev_dir
 *fill*         0x00000000200000a9        0x3 
 .bss.pitch     0x00000000200000ac        0x4 Core/Src/control_loop.o
                0x00000000200000ac                pitch
 .bss.buffer    0x00000000200000b0        0x2 Core/Src/joystick.o
 .bss.prev_status
                0x00000000200000b2        0x1 Core/Src/motor_driver.o
                0x00000000200000b2                prev_status
 .bss.status    0x00000000200000b3        0x1 Core/Src/motor_driver.o
                0x00000000200000b3                status
 *(COMMON)
 COMMON         0x00000000200000b4       0xa8 Core/Src/adc.o
                0x00000000200000b4                hadc1
                0x00000000200000fc                hdma_adc1
 COMMON         0x000000002000015c        0x4 Core/Src/control_loop.o
                0x000000002000015c                ref
 COMMON         0x0000000020000160       0x54 Core/Src/i2c.o
                0x0000000020000160                hi2c2
 COMMON         0x00000000200001b4        0x2 Core/Src/joystick.o
                0x00000000200001b4                joystick
 *fill*         0x00000000200001b6        0x2 
 COMMON         0x00000000200001b8        0x2 Core/Src/motor_driver.o
                0x00000000200001b8                j
 *fill*         0x00000000200001ba        0x2 
 COMMON         0x00000000200001bc       0x1a Core/Src/mpu6050.o
                0x00000000200001bc                mpu_t
                0x00000000200001c8                in_buff
 *fill*         0x00000000200001d6        0x2 
 COMMON         0x00000000200001d8      0x120 Core/Src/tim.o
                0x00000000200001d8                htim10
                0x0000000020000220                htim3
                0x0000000020000268                htim11
                0x00000000200002b0                htim1
 COMMON         0x00000000200002f8        0x4 Drivers/STM32F4xx_HAL_Driver/Src/stm32f4xx_hal.o
                0x00000000200002f8                uwTick
                0x00000000200002fc                . = ALIGN (0x4)
                0x00000000200002fc                _ebss = .
                0x00000000200002fc                __bss_end__ = _ebss

._user_heap_stack
                0x00000000200002fc      0x604 load address 0x0000000008006cb0
                0x0000000020000300                . = ALIGN (0x8)
 *fill*         0x00000000200002fc        0x4 
                [!provide]                        PROVIDE (end = .)
                0x0000000020000300                PROVIDE (_end = .)
                0x0000000020000500                . = (. + _Min_Heap_Size)
 *fill*         0x0000000020000300      0x200 
                0x0000000020000900                . = (. + _Min_Stack_Size)
 *fill*         0x0000000020000500      0x400 
                0x0000000020000900                . = ALIGN (0x8)

/DISCARD/
 libc.a(*)
 libm.a(*)
 libgcc.a(*)

.ARM.attributes
                0x0000000000000000       0x30
 *(.ARM.attributes)
 .ARM.attributes
                0x0000000000000000       0x1e c:/st/stm32cubeide_1.6.0/stm32cubeide/plugins/com.st.stm32cube.ide.mcu.externaltools.gnu-tools-for-stm32.9-2020-q2-update.win32_1.5.0.202011040924/tools/bin/../lib/gcc/arm-none-eabi/9.3.1/thumb/v7e-m+fp/hard/crti.o
 .ARM.attributes
                0x000000000000001e       0x34 c:/st/stm32cubeide_1.6.0/stm32cubeide/plugins/com.st.stm32cube.ide.mcu.externaltools.gnu-tools-for-stm32.9-2020-q2-update.win32_1.5.0.202011040924/tools/bin/../lib/gcc/arm-none-eabi/9.3.1/thumb/v7e-m+fp/hard/crtbegin.o
 .ARM.attributes
                0x0000000000000052       0x34 Core/Src/PID.o
 .ARM.attributes
                0x0000000000000086       0x34 Core/Src/accel.o
 .ARM.attributes
                0x00000000000000ba       0x34 Core/Src/adc.o
 .ARM.attributes
                0x00000000000000ee       0x34 Core/Src/angle.o
 .ARM.attributes
                0x0000000000000122       0x34 Core/Src/control_loop.o
 .ARM.attributes
                0x0000000000000156       0x34 Core/Src/dma.o
 .ARM.attributes
                0x000000000000018a       0x34 Core/Src/gpio.o
 .ARM.attributes
                0x00000000000001be       0x34 Core/Src/gyro.o
 .ARM.attributes
                0x00000000000001f2       0x34 Core/Src/i2c.o
 .ARM.attributes
                0x0000000000000226       0x34 Core/Src/joystick.o
 .ARM.attributes
                0x000000000000025a       0x34 Core/Src/main.o
 .ARM.attributes
                0x000000000000028e       0x34 Core/Src/motor_driver.o
 .ARM.attributes
                0x00000000000002c2       0x34 Core/Src/mpu6050.o
 .ARM.attributes
                0x00000000000002f6       0x34 Core/Src/stm32f4xx_hal_msp.o
 .ARM.attributes
                0x000000000000032a       0x34 Core/Src/stm32f4xx_it.o
 .ARM.attributes
                0x000000000000035e       0x34 Core/Src/system_stm32f4xx.o
 .ARM.attributes
                0x0000000000000392       0x34 Core/Src/tim.o
 .ARM.attributes
                0x00000000000003c6       0x21 Core/Startup/startup_stm32f401retx.o
 .ARM.attributes
                0x00000000000003e7       0x34 Drivers/STM32F4xx_HAL_Driver/Src/stm32f4xx_hal.o
 .ARM.attributes
                0x000000000000041b       0x34 Drivers/STM32F4xx_HAL_Driver/Src/stm32f4xx_hal_adc.o
 .ARM.attributes
                0x000000000000044f       0x34 Drivers/STM32F4xx_HAL_Driver/Src/stm32f4xx_hal_cortex.o
 .ARM.attributes
                0x0000000000000483       0x34 Drivers/STM32F4xx_HAL_Driver/Src/stm32f4xx_hal_dma.o
 .ARM.attributes
                0x00000000000004b7       0x34 Drivers/STM32F4xx_HAL_Driver/Src/stm32f4xx_hal_gpio.o
 .ARM.attributes
                0x00000000000004eb       0x34 Drivers/STM32F4xx_HAL_Driver/Src/stm32f4xx_hal_i2c.o
 .ARM.attributes
                0x000000000000051f       0x34 Drivers/STM32F4xx_HAL_Driver/Src/stm32f4xx_hal_rcc.o
 .ARM.attributes
                0x0000000000000553       0x34 Drivers/STM32F4xx_HAL_Driver/Src/stm32f4xx_hal_tim.o
 .ARM.attributes
                0x0000000000000587       0x34 Drivers/STM32F4xx_HAL_Driver/Src/stm32f4xx_hal_tim_ex.o
 .ARM.attributes
                0x00000000000005bb       0x34 c:/st/stm32cubeide_1.6.0/stm32cubeide/plugins/com.st.stm32cube.ide.mcu.externaltools.gnu-tools-for-stm32.9-2020-q2-update.win32_1.5.0.202011040924/tools/bin/../lib/gcc/arm-none-eabi/9.3.1/../../../../arm-none-eabi/lib/thumb/v7e-m+fp/hard\libc_nano.a(lib_a-errno.o)
 .ARM.attributes
                0x00000000000005ef       0x32 c:/st/stm32cubeide_1.6.0/stm32cubeide/plugins/com.st.stm32cube.ide.mcu.externaltools.gnu-tools-for-stm32.9-2020-q2-update.win32_1.5.0.202011040924/tools/bin/../lib/gcc/arm-none-eabi/9.3.1/../../../../arm-none-eabi/lib/thumb/v7e-m+fp/hard\libc_nano.a(lib_a-impure.o)
 .ARM.attributes
                0x0000000000000621       0x34 c:/st/stm32cubeide_1.6.0/stm32cubeide/plugins/com.st.stm32cube.ide.mcu.externaltools.gnu-tools-for-stm32.9-2020-q2-update.win32_1.5.0.202011040924/tools/bin/../lib/gcc/arm-none-eabi/9.3.1/../../../../arm-none-eabi/lib/thumb/v7e-m+fp/hard\libc_nano.a(lib_a-init.o)
 .ARM.attributes
                0x0000000000000655       0x34 c:/st/stm32cubeide_1.6.0/stm32cubeide/plugins/com.st.stm32cube.ide.mcu.externaltools.gnu-tools-for-stm32.9-2020-q2-update.win32_1.5.0.202011040924/tools/bin/../lib/gcc/arm-none-eabi/9.3.1/../../../../arm-none-eabi/lib/thumb/v7e-m+fp/hard\libc_nano.a(lib_a-memset.o)
 .ARM.attributes
                0x0000000000000689       0x34 c:/st/stm32cubeide_1.6.0/stm32cubeide/plugins/com.st.stm32cube.ide.mcu.externaltools.gnu-tools-for-stm32.9-2020-q2-update.win32_1.5.0.202011040924/tools/bin/../lib/gcc/arm-none-eabi/9.3.1/../../../../arm-none-eabi/lib/thumb/v7e-m+fp/hard\libm.a(lib_a-w_atan2.o)
 .ARM.attributes
                0x00000000000006bd       0x34 c:/st/stm32cubeide_1.6.0/stm32cubeide/plugins/com.st.stm32cube.ide.mcu.externaltools.gnu-tools-for-stm32.9-2020-q2-update.win32_1.5.0.202011040924/tools/bin/../lib/gcc/arm-none-eabi/9.3.1/../../../../arm-none-eabi/lib/thumb/v7e-m+fp/hard\libm.a(lib_a-w_sqrt.o)
 .ARM.attributes
                0x00000000000006f1       0x34 c:/st/stm32cubeide_1.6.0/stm32cubeide/plugins/com.st.stm32cube.ide.mcu.externaltools.gnu-tools-for-stm32.9-2020-q2-update.win32_1.5.0.202011040924/tools/bin/../lib/gcc/arm-none-eabi/9.3.1/../../../../arm-none-eabi/lib/thumb/v7e-m+fp/hard\libm.a(lib_a-e_atan2.o)
 .ARM.attributes
                0x0000000000000725       0x34 c:/st/stm32cubeide_1.6.0/stm32cubeide/plugins/com.st.stm32cube.ide.mcu.externaltools.gnu-tools-for-stm32.9-2020-q2-update.win32_1.5.0.202011040924/tools/bin/../lib/gcc/arm-none-eabi/9.3.1/../../../../arm-none-eabi/lib/thumb/v7e-m+fp/hard\libm.a(lib_a-e_sqrt.o)
 .ARM.attributes
                0x0000000000000759       0x34 c:/st/stm32cubeide_1.6.0/stm32cubeide/plugins/com.st.stm32cube.ide.mcu.externaltools.gnu-tools-for-stm32.9-2020-q2-update.win32_1.5.0.202011040924/tools/bin/../lib/gcc/arm-none-eabi/9.3.1/../../../../arm-none-eabi/lib/thumb/v7e-m+fp/hard\libm.a(lib_a-s_atan.o)
 .ARM.attributes
                0x000000000000078d       0x34 c:/st/stm32cubeide_1.6.0/stm32cubeide/plugins/com.st.stm32cube.ide.mcu.externaltools.gnu-tools-for-stm32.9-2020-q2-update.win32_1.5.0.202011040924/tools/bin/../lib/gcc/arm-none-eabi/9.3.1/../../../../arm-none-eabi/lib/thumb/v7e-m+fp/hard\libm.a(lib_a-s_fabs.o)
 .ARM.attributes
                0x00000000000007c1       0x32 c:/st/stm32cubeide_1.6.0/stm32cubeide/plugins/com.st.stm32cube.ide.mcu.externaltools.gnu-tools-for-stm32.9-2020-q2-update.win32_1.5.0.202011040924/tools/bin/../lib/gcc/arm-none-eabi/9.3.1/../../../../arm-none-eabi/lib/thumb/v7e-m+fp/hard\libm.a(lib_a-s_lib_ver.o)
 .ARM.attributes
                0x00000000000007f3       0x1e c:/st/stm32cubeide_1.6.0/stm32cubeide/plugins/com.st.stm32cube.ide.mcu.externaltools.gnu-tools-for-stm32.9-2020-q2-update.win32_1.5.0.202011040924/tools/bin/../lib/gcc/arm-none-eabi/9.3.1/thumb/v7e-m+fp/hard\libgcc.a(_arm_addsubdf3.o)
 .ARM.attributes
                0x0000000000000811       0x1e c:/st/stm32cubeide_1.6.0/stm32cubeide/plugins/com.st.stm32cube.ide.mcu.externaltools.gnu-tools-for-stm32.9-2020-q2-update.win32_1.5.0.202011040924/tools/bin/../lib/gcc/arm-none-eabi/9.3.1/thumb/v7e-m+fp/hard\libgcc.a(_arm_muldivdf3.o)
 .ARM.attributes
                0x000000000000082f       0x1e c:/st/stm32cubeide_1.6.0/stm32cubeide/plugins/com.st.stm32cube.ide.mcu.externaltools.gnu-tools-for-stm32.9-2020-q2-update.win32_1.5.0.202011040924/tools/bin/../lib/gcc/arm-none-eabi/9.3.1/thumb/v7e-m+fp/hard\libgcc.a(_arm_cmpdf2.o)
 .ARM.attributes
                0x000000000000084d       0x1e c:/st/stm32cubeide_1.6.0/stm32cubeide/plugins/com.st.stm32cube.ide.mcu.externaltools.gnu-tools-for-stm32.9-2020-q2-update.win32_1.5.0.202011040924/tools/bin/../lib/gcc/arm-none-eabi/9.3.1/thumb/v7e-m+fp/hard\libgcc.a(_arm_unorddf2.o)
 .ARM.attributes
                0x000000000000086b       0x1e c:/st/stm32cubeide_1.6.0/stm32cubeide/plugins/com.st.stm32cube.ide.mcu.externaltools.gnu-tools-for-stm32.9-2020-q2-update.win32_1.5.0.202011040924/tools/bin/../lib/gcc/arm-none-eabi/9.3.1/thumb/v7e-m+fp/hard\libgcc.a(_arm_truncdfsf2.o)
 .ARM.attributes
                0x0000000000000889       0x1e c:/st/stm32cubeide_1.6.0/stm32cubeide/plugins/com.st.stm32cube.ide.mcu.externaltools.gnu-tools-for-stm32.9-2020-q2-update.win32_1.5.0.202011040924/tools/bin/../lib/gcc/arm-none-eabi/9.3.1/thumb/v7e-m+fp/hard\libgcc.a(_aeabi_uldivmod.o)
 .ARM.attributes
                0x00000000000008a7       0x34 c:/st/stm32cubeide_1.6.0/stm32cubeide/plugins/com.st.stm32cube.ide.mcu.externaltools.gnu-tools-for-stm32.9-2020-q2-update.win32_1.5.0.202011040924/tools/bin/../lib/gcc/arm-none-eabi/9.3.1/thumb/v7e-m+fp/hard\libgcc.a(_udivmoddi4.o)
 .ARM.attributes
                0x00000000000008db       0x1e c:/st/stm32cubeide_1.6.0/stm32cubeide/plugins/com.st.stm32cube.ide.mcu.externaltools.gnu-tools-for-stm32.9-2020-q2-update.win32_1.5.0.202011040924/tools/bin/../lib/gcc/arm-none-eabi/9.3.1/thumb/v7e-m+fp/hard\libgcc.a(_dvmd_tls.o)
 .ARM.attributes
                0x00000000000008f9       0x1e c:/st/stm32cubeide_1.6.0/stm32cubeide/plugins/com.st.stm32cube.ide.mcu.externaltools.gnu-tools-for-stm32.9-2020-q2-update.win32_1.5.0.202011040924/tools/bin/../lib/gcc/arm-none-eabi/9.3.1/thumb/v7e-m+fp/hard/crtn.o
OUTPUT(SelfBalancingRobot.elf elf32-littlearm)
LOAD linker stubs
LOAD c:/st/stm32cubeide_1.6.0/stm32cubeide/plugins/com.st.stm32cube.ide.mcu.externaltools.gnu-tools-for-stm32.9-2020-q2-update.win32_1.5.0.202011040924/tools/bin/../lib/gcc/arm-none-eabi/9.3.1/../../../../arm-none-eabi/lib/thumb/v7e-m+fp/hard\libc.a
LOAD c:/st/stm32cubeide_1.6.0/stm32cubeide/plugins/com.st.stm32cube.ide.mcu.externaltools.gnu-tools-for-stm32.9-2020-q2-update.win32_1.5.0.202011040924/tools/bin/../lib/gcc/arm-none-eabi/9.3.1/../../../../arm-none-eabi/lib/thumb/v7e-m+fp/hard\libm.a
LOAD c:/st/stm32cubeide_1.6.0/stm32cubeide/plugins/com.st.stm32cube.ide.mcu.externaltools.gnu-tools-for-stm32.9-2020-q2-update.win32_1.5.0.202011040924/tools/bin/../lib/gcc/arm-none-eabi/9.3.1/thumb/v7e-m+fp/hard\libgcc.a

.debug_info     0x0000000000000000    0x154a2
 .debug_info    0x0000000000000000      0xaf0 Core/Src/PID.o
 .debug_info    0x0000000000000af0      0x18e Core/Src/accel.o
 .debug_info    0x0000000000000c7e      0xac4 Core/Src/adc.o
 .debug_info    0x0000000000001742      0xb8c Core/Src/angle.o
 .debug_info    0x00000000000022ce      0xb88 Core/Src/control_loop.o
 .debug_info    0x0000000000002e56      0x532 Core/Src/dma.o
 .debug_info    0x0000000000003388      0x521 Core/Src/gpio.o
 .debug_info    0x00000000000038a9      0x191 Core/Src/gyro.o
 .debug_info    0x0000000000003a3a      0xaaf Core/Src/i2c.o
 .debug_info    0x00000000000044e9      0x7d0 Core/Src/joystick.o
 .debug_info    0x0000000000004cb9     0x11e3 Core/Src/main.o
 .debug_info    0x0000000000005e9c     0x1209 Core/Src/motor_driver.o
 .debug_info    0x00000000000070a5     0x1883 Core/Src/mpu6050.o
 .debug_info    0x0000000000008928      0x3c0 Core/Src/stm32f4xx_hal_msp.o
 .debug_info    0x0000000000008ce8      0xad7 Core/Src/stm32f4xx_it.o
 .debug_info    0x00000000000097bf      0x5d0 Core/Src/system_stm32f4xx.o
 .debug_info    0x0000000000009d8f      0xfdc Core/Src/tim.o
 .debug_info    0x000000000000ad6b       0x22 Core/Startup/startup_stm32f401retx.o
 .debug_info    0x000000000000ad8d      0x93d Drivers/STM32F4xx_HAL_Driver/Src/stm32f4xx_hal.o
 .debug_info    0x000000000000b6ca      0xdb4 Drivers/STM32F4xx_HAL_Driver/Src/stm32f4xx_hal_adc.o
 .debug_info    0x000000000000c47e      0xe41 Drivers/STM32F4xx_HAL_Driver/Src/stm32f4xx_hal_cortex.o
 .debug_info    0x000000000000d2bf      0x9e9 Drivers/STM32F4xx_HAL_Driver/Src/stm32f4xx_hal_dma.o
 .debug_info    0x000000000000dca8      0x862 Drivers/STM32F4xx_HAL_Driver/Src/stm32f4xx_hal_gpio.o
 .debug_info    0x000000000000e50a     0x2639 Drivers/STM32F4xx_HAL_Driver/Src/stm32f4xx_hal_i2c.o
 .debug_info    0x0000000000010b43      0x9bd Drivers/STM32F4xx_HAL_Driver/Src/stm32f4xx_hal_rcc.o
 .debug_info    0x0000000000011500     0x2a88 Drivers/STM32F4xx_HAL_Driver/Src/stm32f4xx_hal_tim.o
 .debug_info    0x0000000000013f88     0x151a Drivers/STM32F4xx_HAL_Driver/Src/stm32f4xx_hal_tim_ex.o

.debug_abbrev   0x0000000000000000     0x3312
 .debug_abbrev  0x0000000000000000      0x223 Core/Src/PID.o
 .debug_abbrev  0x0000000000000223       0xb0 Core/Src/accel.o
 .debug_abbrev  0x00000000000002d3      0x1ce Core/Src/adc.o
 .debug_abbrev  0x00000000000004a1      0x251 Core/Src/angle.o
 .debug_abbrev  0x00000000000006f2      0x217 Core/Src/control_loop.o
 .debug_abbrev  0x0000000000000909      0x11b Core/Src/dma.o
 .debug_abbrev  0x0000000000000a24      0x14e Core/Src/gpio.o
 .debug_abbrev  0x0000000000000b72       0xb0 Core/Src/gyro.o
 .debug_abbrev  0x0000000000000c22      0x1bb Core/Src/i2c.o
 .debug_abbrev  0x0000000000000ddd      0x1bd Core/Src/joystick.o
 .debug_abbrev  0x0000000000000f9a      0x1f0 Core/Src/main.o
 .debug_abbrev  0x000000000000118a      0x26a Core/Src/motor_driver.o
 .debug_abbrev  0x00000000000013f4      0x36a Core/Src/mpu6050.o
 .debug_abbrev  0x000000000000175e      0x11d Core/Src/stm32f4xx_hal_msp.o
 .debug_abbrev  0x000000000000187b      0x1b4 Core/Src/stm32f4xx_it.o
 .debug_abbrev  0x0000000000001a2f      0x145 Core/Src/system_stm32f4xx.o
 .debug_abbrev  0x0000000000001b74      0x24b Core/Src/tim.o
 .debug_abbrev  0x0000000000001dbf       0x12 Core/Startup/startup_stm32f401retx.o
 .debug_abbrev  0x0000000000001dd1      0x21e Drivers/STM32F4xx_HAL_Driver/Src/stm32f4xx_hal.o
 .debug_abbrev  0x0000000000001fef      0x1ef Drivers/STM32F4xx_HAL_Driver/Src/stm32f4xx_hal_adc.o
 .debug_abbrev  0x00000000000021de      0x33c Drivers/STM32F4xx_HAL_Driver/Src/stm32f4xx_hal_cortex.o
 .debug_abbrev  0x000000000000251a      0x219 Drivers/STM32F4xx_HAL_Driver/Src/stm32f4xx_hal_dma.o
 .debug_abbrev  0x0000000000002733      0x1f1 Drivers/STM32F4xx_HAL_Driver/Src/stm32f4xx_hal_gpio.o
 .debug_abbrev  0x0000000000002924      0x293 Drivers/STM32F4xx_HAL_Driver/Src/stm32f4xx_hal_i2c.o
 .debug_abbrev  0x0000000000002bb7      0x275 Drivers/STM32F4xx_HAL_Driver/Src/stm32f4xx_hal_rcc.o
 .debug_abbrev  0x0000000000002e2c      0x26f Drivers/STM32F4xx_HAL_Driver/Src/stm32f4xx_hal_tim.o
 .debug_abbrev  0x000000000000309b      0x277 Drivers/STM32F4xx_HAL_Driver/Src/stm32f4xx_hal_tim_ex.o

.debug_aranges  0x0000000000000000     0x10e0
 .debug_aranges
                0x0000000000000000       0x20 Core/Src/PID.o
 .debug_aranges
                0x0000000000000020       0x38 Core/Src/accel.o
 .debug_aranges
                0x0000000000000058       0x30 Core/Src/adc.o
 .debug_aranges
                0x0000000000000088       0x38 Core/Src/angle.o
 .debug_aranges
                0x00000000000000c0       0x28 Core/Src/control_loop.o
 .debug_aranges
                0x00000000000000e8       0x20 Core/Src/dma.o
 .debug_aranges
                0x0000000000000108       0x20 Core/Src/gpio.o
 .debug_aranges
                0x0000000000000128       0x38 Core/Src/gyro.o
 .debug_aranges
                0x0000000000000160       0x30 Core/Src/i2c.o
 .debug_aranges
                0x0000000000000190       0x40 Core/Src/joystick.o
 .debug_aranges
                0x00000000000001d0       0x30 Core/Src/main.o
 .debug_aranges
                0x0000000000000200       0x30 Core/Src/motor_driver.o
 .debug_aranges
                0x0000000000000230      0x128 Core/Src/mpu6050.o
 .debug_aranges
                0x0000000000000358       0x20 Core/Src/stm32f4xx_hal_msp.o
 .debug_aranges
                0x0000000000000378       0x80 Core/Src/stm32f4xx_it.o
 .debug_aranges
                0x00000000000003f8       0x28 Core/Src/system_stm32f4xx.o
 .debug_aranges
                0x0000000000000420       0x60 Core/Src/tim.o
 .debug_aranges
                0x0000000000000480       0x28 Core/Startup/startup_stm32f401retx.o
 .debug_aranges
                0x00000000000004a8       0xf0 Drivers/STM32F4xx_HAL_Driver/Src/stm32f4xx_hal.o
 .debug_aranges
                0x0000000000000598       0xe8 Drivers/STM32F4xx_HAL_Driver/Src/stm32f4xx_hal_adc.o
 .debug_aranges
                0x0000000000000680      0x118 Drivers/STM32F4xx_HAL_Driver/Src/stm32f4xx_hal_cortex.o
 .debug_aranges
                0x0000000000000798       0x90 Drivers/STM32F4xx_HAL_Driver/Src/stm32f4xx_hal_dma.o
 .debug_aranges
                0x0000000000000828       0x58 Drivers/STM32F4xx_HAL_Driver/Src/stm32f4xx_hal_gpio.o
 .debug_aranges
                0x0000000000000880      0x2a0 Drivers/STM32F4xx_HAL_Driver/Src/stm32f4xx_hal_i2c.o
 .debug_aranges
                0x0000000000000b20       0x88 Drivers/STM32F4xx_HAL_Driver/Src/stm32f4xx_hal_rcc.o
 .debug_aranges
                0x0000000000000ba8      0x3d0 Drivers/STM32F4xx_HAL_Driver/Src/stm32f4xx_hal_tim.o
 .debug_aranges
                0x0000000000000f78      0x168 Drivers/STM32F4xx_HAL_Driver/Src/stm32f4xx_hal_tim_ex.o

.debug_ranges   0x0000000000000000      0xf60
 .debug_ranges  0x0000000000000000       0x10 Core/Src/PID.o
 .debug_ranges  0x0000000000000010       0x28 Core/Src/accel.o
 .debug_ranges  0x0000000000000038       0x20 Core/Src/adc.o
 .debug_ranges  0x0000000000000058       0x28 Core/Src/angle.o
 .debug_ranges  0x0000000000000080       0x18 Core/Src/control_loop.o
 .debug_ranges  0x0000000000000098       0x10 Core/Src/dma.o
 .debug_ranges  0x00000000000000a8       0x10 Core/Src/gpio.o
 .debug_ranges  0x00000000000000b8       0x28 Core/Src/gyro.o
 .debug_ranges  0x00000000000000e0       0x20 Core/Src/i2c.o
 .debug_ranges  0x0000000000000100       0x30 Core/Src/joystick.o
 .debug_ranges  0x0000000000000130       0x20 Core/Src/main.o
 .debug_ranges  0x0000000000000150       0x20 Core/Src/motor_driver.o
 .debug_ranges  0x0000000000000170      0x118 Core/Src/mpu6050.o
 .debug_ranges  0x0000000000000288       0x10 Core/Src/stm32f4xx_hal_msp.o
 .debug_ranges  0x0000000000000298       0x70 Core/Src/stm32f4xx_it.o
 .debug_ranges  0x0000000000000308       0x18 Core/Src/system_stm32f4xx.o
 .debug_ranges  0x0000000000000320       0x50 Core/Src/tim.o
 .debug_ranges  0x0000000000000370       0x20 Core/Startup/startup_stm32f401retx.o
 .debug_ranges  0x0000000000000390       0xe0 Drivers/STM32F4xx_HAL_Driver/Src/stm32f4xx_hal.o
 .debug_ranges  0x0000000000000470       0xd8 Drivers/STM32F4xx_HAL_Driver/Src/stm32f4xx_hal_adc.o
 .debug_ranges  0x0000000000000548      0x108 Drivers/STM32F4xx_HAL_Driver/Src/stm32f4xx_hal_cortex.o
 .debug_ranges  0x0000000000000650       0x80 Drivers/STM32F4xx_HAL_Driver/Src/stm32f4xx_hal_dma.o
 .debug_ranges  0x00000000000006d0       0x48 Drivers/STM32F4xx_HAL_Driver/Src/stm32f4xx_hal_gpio.o
 .debug_ranges  0x0000000000000718      0x2b8 Drivers/STM32F4xx_HAL_Driver/Src/stm32f4xx_hal_i2c.o
 .debug_ranges  0x00000000000009d0       0x78 Drivers/STM32F4xx_HAL_Driver/Src/stm32f4xx_hal_rcc.o
 .debug_ranges  0x0000000000000a48      0x3c0 Drivers/STM32F4xx_HAL_Driver/Src/stm32f4xx_hal_tim.o
 .debug_ranges  0x0000000000000e08      0x158 Drivers/STM32F4xx_HAL_Driver/Src/stm32f4xx_hal_tim_ex.o

.debug_macro    0x0000000000000000    0x19afc
 .debug_macro   0x0000000000000000      0x2f9 Core/Src/PID.o
 .debug_macro   0x00000000000002f9      0xaa8 Core/Src/PID.o
 .debug_macro   0x0000000000000da1      0x2a1 Core/Src/PID.o
 .debug_macro   0x0000000000001042       0x2e Core/Src/PID.o
 .debug_macro   0x0000000000001070       0x28 Core/Src/PID.o
 .debug_macro   0x0000000000001098       0x22 Core/Src/PID.o
 .debug_macro   0x00000000000010ba       0x8e Core/Src/PID.o
 .debug_macro   0x0000000000001148       0x51 Core/Src/PID.o
 .debug_macro   0x0000000000001199      0x103 Core/Src/PID.o
 .debug_macro   0x000000000000129c       0x6a Core/Src/PID.o
 .debug_macro   0x0000000000001306      0x1df Core/Src/PID.o
 .debug_macro   0x00000000000014e5       0x1c Core/Src/PID.o
 .debug_macro   0x0000000000001501       0x22 Core/Src/PID.o
 .debug_macro   0x0000000000001523       0xdf Core/Src/PID.o
 .debug_macro   0x0000000000001602     0x102d Core/Src/PID.o
 .debug_macro   0x000000000000262f      0x11f Core/Src/PID.o
 .debug_macro   0x000000000000274e     0xb850 Core/Src/PID.o
 .debug_macro   0x000000000000df9e       0x43 Core/Src/PID.o
 .debug_macro   0x000000000000dfe1     0x3659 Core/Src/PID.o
 .debug_macro   0x000000000001163a      0x174 Core/Src/PID.o
 .debug_macro   0x00000000000117ae       0x5c Core/Src/PID.o
 .debug_macro   0x000000000001180a      0x416 Core/Src/PID.o
 .debug_macro   0x0000000000011c20      0x9fe Core/Src/PID.o
 .debug_macro   0x000000000001261e      0x117 Core/Src/PID.o
 .debug_macro   0x0000000000012735       0xf8 Core/Src/PID.o
 .debug_macro   0x000000000001282d       0x82 Core/Src/PID.o
 .debug_macro   0x00000000000128af      0x15f Core/Src/PID.o
 .debug_macro   0x0000000000012a0e      0x287 Core/Src/PID.o
 .debug_macro   0x0000000000012c95       0x5f Core/Src/PID.o
 .debug_macro   0x0000000000012cf4      0x236 Core/Src/PID.o
 .debug_macro   0x0000000000012f2a      0x9e1 Core/Src/PID.o
 .debug_macro   0x000000000001390b      0x38b Core/Src/PID.o
 .debug_macro   0x0000000000013c96      0x176 Core/Src/PID.o
 .debug_macro   0x0000000000013e0c       0xf9 Core/Src/PID.o
 .debug_macro   0x0000000000013f05      0x132 Core/Src/PID.o
 .debug_macro   0x0000000000014037      0x264 Core/Src/PID.o
 .debug_macro   0x000000000001429b       0x2e Core/Src/PID.o
 .debug_macro   0x00000000000142c9      0x1b5 Core/Src/PID.o
 .debug_macro   0x000000000001447e       0x22 Core/Src/PID.o
 .debug_macro   0x00000000000144a0       0xd6 Core/Src/PID.o
 .debug_macro   0x0000000000014576      0x11a Core/Src/PID.o
 .debug_macro   0x0000000000014690       0x85 Core/Src/PID.o
 .debug_macro   0x0000000000014715       0x89 Core/Src/PID.o
 .debug_macro   0x000000000001479e      0x8d1 Core/Src/PID.o
 .debug_macro   0x000000000001506f       0x47 Core/Src/PID.o
 .debug_macro   0x00000000000150b6      0x126 Core/Src/PID.o
 .debug_macro   0x00000000000151dc       0x18 Core/Src/PID.o
 .debug_macro   0x00000000000151f4       0x52 Core/Src/PID.o
 .debug_macro   0x0000000000015246       0x3c Core/Src/PID.o
 .debug_macro   0x0000000000015282       0x34 Core/Src/PID.o
 .debug_macro   0x00000000000152b6       0x16 Core/Src/PID.o
 .debug_macro   0x00000000000152cc       0x35 Core/Src/PID.o
 .debug_macro   0x0000000000015301       0x16 Core/Src/PID.o
 .debug_macro   0x0000000000015317       0x43 Core/Src/PID.o
 .debug_macro   0x000000000001535a       0x34 Core/Src/PID.o
 .debug_macro   0x000000000001538e       0x10 Core/Src/PID.o
 .debug_macro   0x000000000001539e       0x58 Core/Src/PID.o
 .debug_macro   0x00000000000153f6       0x71 Core/Src/PID.o
 .debug_macro   0x0000000000015467       0x1c Core/Src/PID.o
 .debug_macro   0x0000000000015483      0x12a Core/Src/PID.o
 .debug_macro   0x00000000000155ad      0x333 Core/Src/PID.o
 .debug_macro   0x00000000000158e0       0x16 Core/Src/PID.o
 .debug_macro   0x00000000000158f6       0x29 Core/Src/PID.o
 .debug_macro   0x000000000001591f       0x6d Core/Src/accel.o
 .debug_macro   0x000000000001598c      0x219 Core/Src/adc.o
 .debug_macro   0x0000000000015ba5      0x311 Core/Src/angle.o
 .debug_macro   0x0000000000015eb6      0x12a Core/Src/angle.o
 .debug_macro   0x0000000000015fe0      0x339 Core/Src/angle.o
 .debug_macro   0x0000000000016319      0x1a9 Core/Src/angle.o
 .debug_macro   0x00000000000164c2       0xd9 Core/Src/angle.o
 .debug_macro   0x000000000001659b       0x56 Core/Src/angle.o
 .debug_macro   0x00000000000165f1      0x33f Core/Src/control_loop.o
 .debug_macro   0x0000000000016930       0x1c Core/Src/control_loop.o
 .debug_macro   0x000000000001694c       0x16 Core/Src/control_loop.o
 .debug_macro   0x0000000000016962       0x22 Core/Src/control_loop.o
 .debug_macro   0x0000000000016984      0x219 Core/Src/dma.o
 .debug_macro   0x0000000000016b9d      0x219 Core/Src/gpio.o
 .debug_macro   0x0000000000016db6       0x6d Core/Src/gyro.o
 .debug_macro   0x0000000000016e23      0x219 Core/Src/i2c.o
 .debug_macro   0x000000000001703c      0x23d Core/Src/joystick.o
 .debug_macro   0x0000000000017279       0x10 Core/Src/joystick.o
 .debug_macro   0x0000000000017289      0x268 Core/Src/main.o
 .debug_macro   0x00000000000174f1      0x315 Core/Src/motor_driver.o
 .debug_macro   0x0000000000017806       0x16 Core/Src/motor_driver.o
 .debug_macro   0x000000000001781c      0x3dc Core/Src/mpu6050.o
 .debug_macro   0x0000000000017bf8       0x1c Core/Src/mpu6050.o
 .debug_macro   0x0000000000017c14       0x10 Core/Src/mpu6050.o
 .debug_macro   0x0000000000017c24       0x10 Core/Src/mpu6050.o
 .debug_macro   0x0000000000017c34       0x1c Core/Src/mpu6050.o
 .debug_macro   0x0000000000017c50       0x52 Core/Src/mpu6050.o
 .debug_macro   0x0000000000017ca2       0x22 Core/Src/mpu6050.o
 .debug_macro   0x0000000000017cc4       0x10 Core/Src/mpu6050.o
 .debug_macro   0x0000000000017cd4       0x40 Core/Src/mpu6050.o
 .debug_macro   0x0000000000017d14       0xd5 Core/Src/mpu6050.o
 .debug_macro   0x0000000000017de9       0x1c Core/Src/mpu6050.o
 .debug_macro   0x0000000000017e05       0x3d Core/Src/mpu6050.o
 .debug_macro   0x0000000000017e42       0x16 Core/Src/mpu6050.o
 .debug_macro   0x0000000000017e58      0x145 Core/Src/mpu6050.o
 .debug_macro   0x0000000000017f9d      0x20f Core/Src/stm32f4xx_hal_msp.o
 .debug_macro   0x00000000000181ac      0x22c Core/Src/stm32f4xx_it.o
 .debug_macro   0x00000000000183d8      0x205 Core/Src/system_stm32f4xx.o
 .debug_macro   0x00000000000185dd      0x219 Core/Src/tim.o
 .debug_macro   0x00000000000187f6      0x265 Drivers/STM32F4xx_HAL_Driver/Src/stm32f4xx_hal.o
 .debug_macro   0x0000000000018a5b      0x206 Drivers/STM32F4xx_HAL_Driver/Src/stm32f4xx_hal_adc.o
 .debug_macro   0x0000000000018c61      0x205 Drivers/STM32F4xx_HAL_Driver/Src/stm32f4xx_hal_cortex.o
 .debug_macro   0x0000000000018e66      0x20b Drivers/STM32F4xx_HAL_Driver/Src/stm32f4xx_hal_dma.o
 .debug_macro   0x0000000000019071      0x20b Drivers/STM32F4xx_HAL_Driver/Src/stm32f4xx_hal_gpio.o
 .debug_macro   0x000000000001927c      0x24c Drivers/STM32F4xx_HAL_Driver/Src/stm32f4xx_hal_i2c.o
 .debug_macro   0x00000000000194c8      0x229 Drivers/STM32F4xx_HAL_Driver/Src/stm32f4xx_hal_rcc.o
 .debug_macro   0x00000000000196f1      0x206 Drivers/STM32F4xx_HAL_Driver/Src/stm32f4xx_hal_tim.o
 .debug_macro   0x00000000000198f7      0x205 Drivers/STM32F4xx_HAL_Driver/Src/stm32f4xx_hal_tim_ex.o

.debug_line     0x0000000000000000    0x16197
 .debug_line    0x0000000000000000      0x8ae Core/Src/PID.o
 .debug_line    0x00000000000008ae      0x3e8 Core/Src/accel.o
 .debug_line    0x0000000000000c96      0x7cd Core/Src/adc.o
 .debug_line    0x0000000000001463      0x964 Core/Src/angle.o
 .debug_line    0x0000000000001dc7      0x9d4 Core/Src/control_loop.o
 .debug_line    0x000000000000279b      0x722 Core/Src/dma.o
 .debug_line    0x0000000000002ebd      0x743 Core/Src/gpio.o
 .debug_line    0x0000000000003600      0x3e6 Core/Src/gyro.o
 .debug_line    0x00000000000039e6      0x7a0 Core/Src/i2c.o
 .debug_line    0x0000000000004186      0x7a6 Core/Src/joystick.o
 .debug_line    0x000000000000492c      0x7fe Core/Src/main.o
 .debug_line    0x000000000000512a      0x97d Core/Src/motor_driver.o
 .debug_line    0x0000000000005aa7      0xde2 Core/Src/mpu6050.o
 .debug_line    0x0000000000006889      0x727 Core/Src/stm32f4xx_hal_msp.o
 .debug_line    0x0000000000006fb0      0x86f Core/Src/stm32f4xx_it.o
 .debug_line    0x000000000000781f      0x7a8 Core/Src/system_stm32f4xx.o
 .debug_line    0x0000000000007fc7      0x949 Core/Src/tim.o
 .debug_line    0x0000000000008910       0x88 Core/Startup/startup_stm32f401retx.o
 .debug_line    0x0000000000008998      0xa0e Drivers/STM32F4xx_HAL_Driver/Src/stm32f4xx_hal.o
 .debug_line    0x00000000000093a6     0x11cc Drivers/STM32F4xx_HAL_Driver/Src/stm32f4xx_hal_adc.o
 .debug_line    0x000000000000a572      0xcbd Drivers/STM32F4xx_HAL_Driver/Src/stm32f4xx_hal_cortex.o
 .debug_line    0x000000000000b22f      0xf77 Drivers/STM32F4xx_HAL_Driver/Src/stm32f4xx_hal_dma.o
 .debug_line    0x000000000000c1a6      0xb4a Drivers/STM32F4xx_HAL_Driver/Src/stm32f4xx_hal_gpio.o
 .debug_line    0x000000000000ccf0     0x3995 Drivers/STM32F4xx_HAL_Driver/Src/stm32f4xx_hal_i2c.o
 .debug_line    0x0000000000010685      0xd88 Drivers/STM32F4xx_HAL_Driver/Src/stm32f4xx_hal_rcc.o
 .debug_line    0x000000000001140d     0x3414 Drivers/STM32F4xx_HAL_Driver/Src/stm32f4xx_hal_tim.o
 .debug_line    0x0000000000014821     0x1976 Drivers/STM32F4xx_HAL_Driver/Src/stm32f4xx_hal_tim_ex.o

.debug_str      0x0000000000000000    0x9a32e
 .debug_str     0x0000000000000000    0x93b8e Core/Src/PID.o
                                      0x93eb7 (size before relaxing)
 .debug_str     0x0000000000093b8e       0x4b Core/Src/accel.o
                                       0x3d54 (size before relaxing)
 .debug_str     0x0000000000093bd9      0x59d Core/Src/adc.o
                                      0x911ed (size before relaxing)
 .debug_str     0x0000000000094176      0xe33 Core/Src/angle.o
                                      0x94cf1 (size before relaxing)
 .debug_str     0x0000000000094fa9      0x181 Core/Src/control_loop.o
                                      0x9459e (size before relaxing)
 .debug_str     0x000000000009512a      0x3ab Core/Src/dma.o
                                      0x91090 (size before relaxing)
 .debug_str     0x00000000000954d5       0x48 Core/Src/gpio.o
                                      0x90da4 (size before relaxing)
 .debug_str     0x000000000009551d       0x44 Core/Src/gyro.o
                                       0x3d64 (size before relaxing)
 .debug_str     0x0000000000095561      0x2d4 Core/Src/i2c.o
                                      0x912a9 (size before relaxing)
 .debug_str     0x0000000000095835       0x91 Core/Src/joystick.o
                                      0x91118 (size before relaxing)
 .debug_str     0x00000000000958c6      0x3f4 Core/Src/main.o
                                      0x91e13 (size before relaxing)
 .debug_str     0x0000000000095cba       0x9d Core/Src/motor_driver.o
                                      0x9453f (size before relaxing)
 .debug_str     0x0000000000095d57     0x1292 Core/Src/mpu6050.o
                                      0x96487 (size before relaxing)
 .debug_str     0x0000000000096fe9       0x2c Core/Src/stm32f4xx_hal_msp.o
                                      0x90d07 (size before relaxing)
 .debug_str     0x0000000000097015      0x139 Core/Src/stm32f4xx_it.o
                                      0x91403 (size before relaxing)
 .debug_str     0x000000000009714e       0xaf Core/Src/system_stm32f4xx.o
                                      0x90d79 (size before relaxing)
 .debug_str     0x00000000000971fd      0x218 Core/Src/tim.o
                                      0x9186f (size before relaxing)
 .debug_str     0x0000000000097415       0x36 Core/Startup/startup_stm32f401retx.o
                                         0xa4 (size before relaxing)
 .debug_str     0x000000000009744b      0x57b Drivers/STM32F4xx_HAL_Driver/Src/stm32f4xx_hal.o
                                      0x916f9 (size before relaxing)
 .debug_str     0x00000000000979c6      0x289 Drivers/STM32F4xx_HAL_Driver/Src/stm32f4xx_hal_adc.o
                                      0x91313 (size before relaxing)
 .debug_str     0x0000000000097c4f      0x392 Drivers/STM32F4xx_HAL_Driver/Src/stm32f4xx_hal_cortex.o
                                      0x914d6 (size before relaxing)
 .debug_str     0x0000000000097fe1      0x31d Drivers/STM32F4xx_HAL_Driver/Src/stm32f4xx_hal_dma.o
                                      0x91191 (size before relaxing)
 .debug_str     0x00000000000982fe      0x15f Drivers/STM32F4xx_HAL_Driver/Src/stm32f4xx_hal_gpio.o
                                      0x90f20 (size before relaxing)
 .debug_str     0x000000000009845d      0xaad Drivers/STM32F4xx_HAL_Driver/Src/stm32f4xx_hal_i2c.o
                                      0x91cee (size before relaxing)
 .debug_str     0x0000000000098f0a      0x24e Drivers/STM32F4xx_HAL_Driver/Src/stm32f4xx_hal_rcc.o
                                      0x9117b (size before relaxing)
 .debug_str     0x0000000000099158      0xce8 Drivers/STM32F4xx_HAL_Driver/Src/stm32f4xx_hal_tim.o
                                      0x9208f (size before relaxing)
 .debug_str     0x0000000000099e40      0x4ee Drivers/STM32F4xx_HAL_Driver/Src/stm32f4xx_hal_tim_ex.o
                                      0x91840 (size before relaxing)

.comment        0x0000000000000000       0x53
 .comment       0x0000000000000000       0x53 Core/Src/PID.o
                                         0x54 (size before relaxing)
 .comment       0x0000000000000053       0x54 Core/Src/accel.o
 .comment       0x0000000000000053       0x54 Core/Src/adc.o
 .comment       0x0000000000000053       0x54 Core/Src/angle.o
 .comment       0x0000000000000053       0x54 Core/Src/control_loop.o
 .comment       0x0000000000000053       0x54 Core/Src/dma.o
 .comment       0x0000000000000053       0x54 Core/Src/gpio.o
 .comment       0x0000000000000053       0x54 Core/Src/gyro.o
 .comment       0x0000000000000053       0x54 Core/Src/i2c.o
 .comment       0x0000000000000053       0x54 Core/Src/joystick.o
 .comment       0x0000000000000053       0x54 Core/Src/main.o
 .comment       0x0000000000000053       0x54 Core/Src/motor_driver.o
 .comment       0x0000000000000053       0x54 Core/Src/mpu6050.o
 .comment       0x0000000000000053       0x54 Core/Src/stm32f4xx_hal_msp.o
 .comment       0x0000000000000053       0x54 Core/Src/stm32f4xx_it.o
 .comment       0x0000000000000053       0x54 Core/Src/system_stm32f4xx.o
 .comment       0x0000000000000053       0x54 Core/Src/tim.o
 .comment       0x0000000000000053       0x54 Drivers/STM32F4xx_HAL_Driver/Src/stm32f4xx_hal.o
 .comment       0x0000000000000053       0x54 Drivers/STM32F4xx_HAL_Driver/Src/stm32f4xx_hal_adc.o
 .comment       0x0000000000000053       0x54 Drivers/STM32F4xx_HAL_Driver/Src/stm32f4xx_hal_cortex.o
 .comment       0x0000000000000053       0x54 Drivers/STM32F4xx_HAL_Driver/Src/stm32f4xx_hal_dma.o
 .comment       0x0000000000000053       0x54 Drivers/STM32F4xx_HAL_Driver/Src/stm32f4xx_hal_gpio.o
 .comment       0x0000000000000053       0x54 Drivers/STM32F4xx_HAL_Driver/Src/stm32f4xx_hal_i2c.o
 .comment       0x0000000000000053       0x54 Drivers/STM32F4xx_HAL_Driver/Src/stm32f4xx_hal_rcc.o
 .comment       0x0000000000000053       0x54 Drivers/STM32F4xx_HAL_Driver/Src/stm32f4xx_hal_tim.o
 .comment       0x0000000000000053       0x54 Drivers/STM32F4xx_HAL_Driver/Src/stm32f4xx_hal_tim_ex.o

.debug_frame    0x0000000000000000     0x4794
 .debug_frame   0x0000000000000000       0x38 Core/Src/PID.o
 .debug_frame   0x0000000000000038       0xb0 Core/Src/accel.o
 .debug_frame   0x00000000000000e8       0x7c Core/Src/adc.o
 .debug_frame   0x0000000000000164       0x9c Core/Src/angle.o
 .debug_frame   0x0000000000000200       0x74 Core/Src/control_loop.o
 .debug_frame   0x0000000000000274       0x34 Core/Src/dma.o
 .debug_frame   0x00000000000002a8       0x34 Core/Src/gpio.o
 .debug_frame   0x00000000000002dc       0xb0 Core/Src/gyro.o
 .debug_frame   0x000000000000038c       0x74 Core/Src/i2c.o
 .debug_frame   0x0000000000000400       0xc4 Core/Src/joystick.o
 .debug_frame   0x00000000000004c4       0x6c Core/Src/main.o
 .debug_frame   0x0000000000000530       0x78 Core/Src/motor_driver.o
 .debug_frame   0x00000000000005a8      0x4b0 Core/Src/mpu6050.o
 .debug_frame   0x0000000000000a58       0x38 Core/Src/stm32f4xx_hal_msp.o
 .debug_frame   0x0000000000000a90      0x184 Core/Src/stm32f4xx_it.o
 .debug_frame   0x0000000000000c14       0x58 Core/Src/system_stm32f4xx.o
 .debug_frame   0x0000000000000c6c      0x150 Core/Src/tim.o
 .debug_frame   0x0000000000000dbc      0x374 Drivers/STM32F4xx_HAL_Driver/Src/stm32f4xx_hal.o
 .debug_frame   0x0000000000001130      0x3fc Drivers/STM32F4xx_HAL_Driver/Src/stm32f4xx_hal_adc.o
 .debug_frame   0x000000000000152c      0x498 Drivers/STM32F4xx_HAL_Driver/Src/stm32f4xx_hal_cortex.o
 .debug_frame   0x00000000000019c4      0x250 Drivers/STM32F4xx_HAL_Driver/Src/stm32f4xx_hal_dma.o
 .debug_frame   0x0000000000001c14      0x14c Drivers/STM32F4xx_HAL_Driver/Src/stm32f4xx_hal_gpio.o
 .debug_frame   0x0000000000001d60      0xc5c Drivers/STM32F4xx_HAL_Driver/Src/stm32f4xx_hal_i2c.o
 .debug_frame   0x00000000000029bc      0x1ec Drivers/STM32F4xx_HAL_Driver/Src/stm32f4xx_hal_rcc.o
 .debug_frame   0x0000000000002ba8     0x11bc Drivers/STM32F4xx_HAL_Driver/Src/stm32f4xx_hal_tim.o
 .debug_frame   0x0000000000003d64      0x638 Drivers/STM32F4xx_HAL_Driver/Src/stm32f4xx_hal_tim_ex.o