mpu6050.c:30:8:__MPU6050_read	40	static
mpu6050.c:47:8:__MPU6050_write	40	static
mpu6050.c:61:8:MPU6050_init	16	static
mpu6050.c:91:8:MPU6050_gyro_set_full_scale_range	24	static
mpu6050.c:106:8:MPU6050_accel_set_full_scale_range	24	static
mpu6050.c:121:8:MPU6050_set_rate_divider	16	static
mpu6050.c:127:8:MPU6050_who_I_am	32	static
mpu6050.c:143:8:MPU6050_configuration	16	static
mpu6050.c:155:8:MPU6050_DLPF_configuration	16	static
mpu6050.c:166:8:MPU6050_retrieve_data	8	static
mpu6050.c:176:9:__concatenate_buffer	16	static
mpu6050.c:185:6:__write_in_offsetAccel_reg	24	static
mpu6050.c:206:6:MPU6050_save_data	24	static
mpu6050.c:221:9:MPU6050_get_gx	8	static
mpu6050.c:229:9:MPU6050_get_gy	8	static
mpu6050.c:237:9:MPU6050_get_gz	8	static
mpu6050.c:245:9:MPU6050_get_ax	8	static
mpu6050.c:253:9:MPU6050_get_ay	8	static
mpu6050.c:261:9:MPU6050_get_az	8	static
mpu6050.c:272:9:get_AccelX_offset	16	static
mpu6050.c:288:9:get_AccelY_offset	16	static
mpu6050.c:304:9:get_AccelZ_offset	16	static
mpu6050.c:319:6:_set_AccelX_offset	16	static
mpu6050.c:328:6:_set_AccelY_offset	16	static
mpu6050.c:336:6:_set_AccelZ_offset	16	static
mpu6050.c:346:6:set_Accel_offset	16	static
mpu6050.c:358:9:get_GyroX_offset	16	static
mpu6050.c:369:9:get_GyroY_offset	16	static
mpu6050.c:380:9:get_GyroZ_offset	16	static
mpu6050.c:391:6:_set_GyroX_offset	24	static
mpu6050.c:401:6:_set_GyroY_offset	24	static
mpu6050.c:410:6:_set_GyroZ_offset	24	static
mpu6050.c:421:6:set_Gyro_offset	16	static
mpu6050.c:438:6:__meansensors	96	static
