stm32f4xx_it.c:78:6:NMI_Handler	4	static
stm32f4xx_it.c:93:6:HardFault_Handler	4	static
stm32f4xx_it.c:108:6:MemManage_Handler	4	static
stm32f4xx_it.c:123:6:BusFault_Handler	4	static
stm32f4xx_it.c:138:6:UsageFault_Handler	4	static
stm32f4xx_it.c:153:6:SVC_Handler	4	static
stm32f4xx_it.c:166:6:DebugMon_Handler	4	static
stm32f4xx_it.c:179:6:PendSV_Handler	4	static
stm32f4xx_it.c:192:6:SysTick_Handler	8	static
stm32f4xx_it.c:213:6:TIM1_TRG_COM_TIM11_IRQHandler	8	static
stm32f4xx_it.c:226:6:HAL_TIM_PeriodElapsedCallback	16	static
stm32f4xx_it.c:236:6:DMA2_Stream0_IRQHandler	8	static
stm32f4xx_it.c:247:6:HAL_ADC_ConvCpltCallback	16	static
